Archive member included to satisfy reference by file (symbol)

/opt/gcc-arm-none-eabi/bin/../lib/gcc/arm-none-eabi/12.3.1/../../../../arm-none-eabi/lib/thumb/v7e-m+fp/hard/libc_nano.a(libc_a-exit.o)
                              /opt/gcc-arm-none-eabi/bin/../lib/gcc/arm-none-eabi/12.3.1/../../../../arm-none-eabi/lib/thumb/v7e-m+fp/hard/crt0.o (exit)
/opt/gcc-arm-none-eabi/bin/../lib/gcc/arm-none-eabi/12.3.1/../../../../arm-none-eabi/lib/thumb/v7e-m+fp/hard/libc_nano.a(libc_a-init.o)
                              /opt/gcc-arm-none-eabi/bin/../lib/gcc/arm-none-eabi/12.3.1/../../../../arm-none-eabi/lib/thumb/v7e-m+fp/hard/crt0.o (__libc_init_array)
/opt/gcc-arm-none-eabi/bin/../lib/gcc/arm-none-eabi/12.3.1/../../../../arm-none-eabi/lib/thumb/v7e-m+fp/hard/libc_nano.a(libc_a-nano-vfprintf_float.o)
                              (_printf_float)
/opt/gcc-arm-none-eabi/bin/../lib/gcc/arm-none-eabi/12.3.1/../../../../arm-none-eabi/lib/thumb/v7e-m+fp/hard/libc_nano.a(libc_a-printf.o)
                              build/main.o (printf)
/opt/gcc-arm-none-eabi/bin/../lib/gcc/arm-none-eabi/12.3.1/../../../../arm-none-eabi/lib/thumb/v7e-m+fp/hard/libc_nano.a(libc_a-nano-vfprintf.o)
                              /opt/gcc-arm-none-eabi/bin/../lib/gcc/arm-none-eabi/12.3.1/../../../../arm-none-eabi/lib/thumb/v7e-m+fp/hard/libc_nano.a(libc_a-printf.o) (_vfprintf_r)
/opt/gcc-arm-none-eabi/bin/../lib/gcc/arm-none-eabi/12.3.1/../../../../arm-none-eabi/lib/thumb/v7e-m+fp/hard/libc_nano.a(libc_a-wbuf.o)
                              /opt/gcc-arm-none-eabi/bin/../lib/gcc/arm-none-eabi/12.3.1/../../../../arm-none-eabi/lib/thumb/v7e-m+fp/hard/libc_nano.a(libc_a-nano-vfprintf.o) (__swbuf_r)
/opt/gcc-arm-none-eabi/bin/../lib/gcc/arm-none-eabi/12.3.1/../../../../arm-none-eabi/lib/thumb/v7e-m+fp/hard/libc_nano.a(libc_a-wsetup.o)
                              /opt/gcc-arm-none-eabi/bin/../lib/gcc/arm-none-eabi/12.3.1/../../../../arm-none-eabi/lib/thumb/v7e-m+fp/hard/libc_nano.a(libc_a-nano-vfprintf.o) (__swsetup_r)
/opt/gcc-arm-none-eabi/bin/../lib/gcc/arm-none-eabi/12.3.1/../../../../arm-none-eabi/lib/thumb/v7e-m+fp/hard/libc_nano.a(libc_a-nano-vfprintf_i.o)
                              /opt/gcc-arm-none-eabi/bin/../lib/gcc/arm-none-eabi/12.3.1/../../../../arm-none-eabi/lib/thumb/v7e-m+fp/hard/libc_nano.a(libc_a-nano-vfprintf_float.o) (_printf_common)
/opt/gcc-arm-none-eabi/bin/../lib/gcc/arm-none-eabi/12.3.1/../../../../arm-none-eabi/lib/thumb/v7e-m+fp/hard/libc_nano.a(libc_a-reent.o)
                              build/tasks.o (_reclaim_reent)
/opt/gcc-arm-none-eabi/bin/../lib/gcc/arm-none-eabi/12.3.1/../../../../arm-none-eabi/lib/thumb/v7e-m+fp/hard/libc_nano.a(libc_a-impure.o)
                              build/tasks.o (_impure_ptr)
/opt/gcc-arm-none-eabi/bin/../lib/gcc/arm-none-eabi/12.3.1/../../../../arm-none-eabi/lib/thumb/v7e-m+fp/hard/libc_nano.a(libc_a-fflush.o)
                              /opt/gcc-arm-none-eabi/bin/../lib/gcc/arm-none-eabi/12.3.1/../../../../arm-none-eabi/lib/thumb/v7e-m+fp/hard/libc_nano.a(libc_a-wbuf.o) (_fflush_r)
/opt/gcc-arm-none-eabi/bin/../lib/gcc/arm-none-eabi/12.3.1/../../../../arm-none-eabi/lib/thumb/v7e-m+fp/hard/libc_nano.a(libc_a-memchr.o)
                              /opt/gcc-arm-none-eabi/bin/../lib/gcc/arm-none-eabi/12.3.1/../../../../arm-none-eabi/lib/thumb/v7e-m+fp/hard/libc_nano.a(libc_a-nano-vfprintf.o) (memchr)
/opt/gcc-arm-none-eabi/bin/../lib/gcc/arm-none-eabi/12.3.1/../../../../arm-none-eabi/lib/thumb/v7e-m+fp/hard/libc_nano.a(libc_a-memcpy-stub.o)
                              build/queue.o (memcpy)
/opt/gcc-arm-none-eabi/bin/../lib/gcc/arm-none-eabi/12.3.1/../../../../arm-none-eabi/lib/thumb/v7e-m+fp/hard/libc_nano.a(libc_a-strlen.o)
                              /opt/gcc-arm-none-eabi/bin/../lib/gcc/arm-none-eabi/12.3.1/../../../../arm-none-eabi/lib/thumb/v7e-m+fp/hard/libc_nano.a(libc_a-nano-vfprintf_float.o) (strlen)
/opt/gcc-arm-none-eabi/bin/../lib/gcc/arm-none-eabi/12.3.1/../../../../arm-none-eabi/lib/thumb/v7e-m+fp/hard/libc_nano.a(libc_a-findfp.o)
                              build/tasks.o (__sf)
/opt/gcc-arm-none-eabi/bin/../lib/gcc/arm-none-eabi/12.3.1/../../../../arm-none-eabi/lib/thumb/v7e-m+fp/hard/libc_nano.a(libc_a-stdio.o)
                              /opt/gcc-arm-none-eabi/bin/../lib/gcc/arm-none-eabi/12.3.1/../../../../arm-none-eabi/lib/thumb/v7e-m+fp/hard/libc_nano.a(libc_a-findfp.o) (__sread)
/opt/gcc-arm-none-eabi/bin/../lib/gcc/arm-none-eabi/12.3.1/../../../../arm-none-eabi/lib/thumb/v7e-m+fp/hard/libc_nano.a(libc_a-dtoa.o)
                              /opt/gcc-arm-none-eabi/bin/../lib/gcc/arm-none-eabi/12.3.1/../../../../arm-none-eabi/lib/thumb/v7e-m+fp/hard/libc_nano.a(libc_a-nano-vfprintf_float.o) (_dtoa_r)
/opt/gcc-arm-none-eabi/bin/../lib/gcc/arm-none-eabi/12.3.1/../../../../arm-none-eabi/lib/thumb/v7e-m+fp/hard/libc_nano.a(libc_a-writer.o)
[...]
Memory Configuration

Name             Origin             Length             Attributes
RAM              0x20000000         0x00018000         xrw
FLASH            0x08000000         0x00080000         xr
*default*        0x00000000         0xffffffff

Linker script and memory map

LOAD /opt/gcc-arm-none-eabi/bin/../lib/gcc/arm-none-eabi/12.3.1/thumb/v7e-m+fp/hard/crti.o
LOAD /opt/gcc-arm-none-eabi/bin/../lib/gcc/arm-none-eabi/12.3.1/thumb/v7e-m+fp/hard/crtbegin.o
LOAD /opt/gcc-arm-none-eabi/bin/../lib/gcc/arm-none-eabi/12.3.1/../../../../arm-none-eabi/lib/thumb/v7e-m+fp/hard/crt0.o
LOAD build/main.o
LOAD build/gpio.o
LOAD build/freertos.o
LOAD build/adc.o
LOAD build/i2c.o
LOAD build/spi.o
LOAD build/tim.o
LOAD build/usart.o
LOAD build/Motor.o
LOAD build/MPU6050.o
LOAD build/IRSensor.o
LOAD build/Wireless.o
LOAD build/stm32f4xx_it.o
LOAD build/syscalls.o
LOAD build/stm32f4xx_hal_msp.o
LOAD build/stm32f4xx_hal_timebase_tim.o
LOAD build/stm32f4xx_hal_adc.o
LOAD build/stm32f4xx_hal_adc_ex.o
LOAD build/stm32f4xx_ll_adc.o
LOAD build/stm32f4xx_hal_rcc.o
LOAD build/stm32f4xx_hal_rcc_ex.o
LOAD build/stm32f4xx_hal_flash.o
LOAD build/stm32f4xx_hal_flash_ex.o
LOAD build/stm32f4xx_hal_flash_ramfunc.o
LOAD build/stm32f4xx_hal_gpio.o
LOAD build/stm32f4xx_hal_dma_ex.o
LOAD build/stm32f4xx_hal_dma.o
LOAD build/stm32f4xx_hal_pwr.o
LOAD build/stm32f4xx_hal_pwr_ex.o
LOAD build/stm32f4xx_hal_cortex.o
LOAD build/stm32f4xx_hal.o
LOAD build/stm32f4xx_hal_exti.o
LOAD build/stm32f4xx_hal_i2c.o
LOAD build/stm32f4xx_hal_i2c_ex.o
LOAD build/stm32f4xx_hal_spi.o
LOAD build/stm32f4xx_hal_tim.o
LOAD build/stm32f4xx_hal_tim_ex.o
LOAD build/stm32f4xx_hal_uart.o
LOAD build/system_stm32f4xx.o
LOAD build/croutine.o
LOAD build/event_groups.o
LOAD build/list.o
LOAD build/queue.o
LOAD build/stream_buffer.o
LOAD build/tasks.o
LOAD build/timers.o
LOAD build/cmsis_os.o
LOAD build/heap_4.o
LOAD build/port.o
LOAD build/startup_stm32f401xe.o
LOAD /opt/gcc-arm-none-eabi/bin/../lib/gcc/arm-none-eabi/12.3.1/../../../../arm-none-eabi/lib/thumb/v7e-m+fp/hard/libc_nano.a
LOAD /opt/gcc-arm-none-eabi/bin/../lib/gcc/arm-none-eabi/12.3.1/../../../../arm-none-eabi/lib/thumb/v7e-m+fp/hard/libm.a
LOAD /opt/gcc-arm-none-eabi/bin/../lib/gcc/arm-none-eabi/12.3.1/../../../../arm-none-eabi/lib/thumb/v7e-m+fp/hard/libnosys.a
START GROUP
LOAD /opt/gcc-arm-none-eabi/bin/../lib/gcc/arm-none-eabi/12.3.1/thumb/v7e-m+fp/hard/libgcc.a
LOAD /opt/gcc-arm-none-eabi/bin/../lib/gcc/arm-none-eabi/12.3.1/../../../../arm-none-eabi/lib/thumb/v7e-m+fp/hard/libc_nano.a
END GROUP
START GROUP
LOAD /opt/gcc-arm-none-eabi/bin/../lib/gcc/arm-none-eabi/12.3.1/thumb/v7e-m+fp/hard/libgcc.a
LOAD /opt/gcc-arm-none-eabi/bin/../lib/gcc/arm-none-eabi/12.3.1/../../../../arm-none-eabi/lib/thumb/v7e-m+fp/hard/libc_nano.a
END GROUP
LOAD /opt/gcc-arm-none-eabi/bin/../lib/gcc/arm-none-eabi/12.3.1/thumb/v7e-m+fp/hard/crtend.o
LOAD /opt/gcc-arm-none-eabi/bin/../lib/gcc/arm-none-eabi/12.3.1/thumb/v7e-m+fp/hard/crtn.o
                0x20018000                        _estack = (ORIGIN (RAM) + LENGTH (RAM))
                0x00000200                        _Min_Heap_Size = 0x200
                0x00000400                        _Min_Stack_Size = 0x400

.isr_vector     0x08000000      0x194
                0x08000000                        . = ALIGN (0x4)
 *(.isr_vector)
 .isr_vector    0x08000000      0x194 build/startup_stm32f401xe.o
                0x08000000                g_pfnVectors
                0x08000194                        . = ALIGN (0x4)

.text           0x080001a0     0x72fc
                0x080001a0                        . = ALIGN (0x4)
 *(.text)
 .text          0x080001a0       0xa0 /opt/gcc-arm-none-eabi/bin/../lib/gcc/arm-none-eabi/12.3.1/../../../../arm-none-eabi/lib/thumb/v7e-m+fp/hard/libc_nano.a(libc_a-memchr.o)
                0x080001a0                memchr
 .text          0x08000240       0x10 /opt/gcc-arm-none-eabi/bin/../lib/gcc/arm-none-eabi/12.3.1/../../../../arm-none-eabi/lib/thumb/v7e-m+fp/hard/libc_nano.a(libc_a-strlen.o)
                0x08000240                strlen
 .text          0x08000250      0x378 /opt/gcc-arm-none-eabi/bin/../lib/gcc/arm-none-eabi/12.3.1/thumb/v7e-m+fp/hard/libgcc.a(_arm_addsubdf3.o)
                0x08000250                __aeabi_drsub
                0x08000258                __aeabi_dsub
                0x08000258                __subdf3
                0x0800025c                __adddf3
                0x0800025c                __aeabi_dadd
                0x080004d4                __aeabi_ui2d
                0x080004d4                __floatunsidf
                0x080004f4                __floatsidf
                0x080004f4                __aeabi_i2d
                0x08000518                __extendsfdf2
                0x08000518                __aeabi_f2d
                0x0800055c                __aeabi_ul2d
                0x0800055c                __floatundidf
                0x0800056c                __floatdidf
                0x0800056c                __aeabi_l2d
 .text          0x080005c8      0x424 /opt/gcc-arm-none-eabi/bin/../lib/gcc/arm-none-eabi/12.3.1/thumb/v7e-m+fp/hard/libgcc.a(_arm_muldivdf3.o)
                0x080005c8                __aeabi_dmul
                0x080005c8                __muldf3
                0x0800081c                __aeabi_ddiv
                0x0800081c                __divdf3
 .text          0x080009ec      0x110 /opt/gcc-arm-none-eabi/bin/../lib/gcc/arm-none-eabi/12.3.1/thumb/v7e-m+fp/hard/libgcc.a(_arm_cmpdf2.o)
                0x080009ec                __gtdf2
                0x080009ec                __gedf2
                0x080009f4                __ltdf2
                0x080009f4                __ledf2
                0x080009fc                __cmpdf2
                0x080009fc                __eqdf2
                0x080009fc                __nedf2
                0x08000a78                __aeabi_cdrcmple
                0x08000a88                __aeabi_cdcmple
                0x08000a88                __aeabi_cdcmpeq
                0x08000a98                __aeabi_dcmpeq
                0x08000aac                __aeabi_dcmplt
                0x08000ac0                __aeabi_dcmple
                0x08000ad4                __aeabi_dcmpge
                0x08000ae8                __aeabi_dcmpgt
 .text          0x08000afc       0x2c /opt/gcc-arm-none-eabi/bin/../lib/gcc/arm-none-eabi/12.3.1/thumb/v7e-m+fp/hard/libgcc.a(_arm_unorddf2.o)
                0x08000afc                __aeabi_dcmpun
                0x08000afc                __unorddf2
 .text          0x08000b28       0x50 /opt/gcc-arm-none-eabi/bin/../lib/gcc/arm-none-eabi/12.3.1/thumb/v7e-m+fp/hard/libgcc.a(_arm_fixdfsi.o)
                0x08000b28                __fixdfsi
                0x08000b28                __aeabi_d2iz
 .text          0x08000b78       0x30 /opt/gcc-arm-none-eabi/bin/../lib/gcc/arm-none-eabi/12.3.1/thumb/v7e-m+fp/hard/libgcc.a(_aeabi_uldivmod.o)
                0x08000b78                __aeabi_uldivmod
 .text          0x08000ba8        0x4 /opt/gcc-arm-none-eabi/bin/../lib/gcc/arm-none-eabi/12.3.1/thumb/v7e-m+fp/hard/libgcc.a(_dvmd_tls.o)
                0x08000ba8                __aeabi_ldiv0
                0x08000ba8                __aeabi_idiv0
 *(.text*)
 .text.deregister_tm_clones
                0x08000bac       0x1c /opt/gcc-arm-none-eabi/bin/../lib/gcc/arm-none-eabi/12.3.1/thumb/v7e-m+fp/hard/crtbegin.o
 .text.register_tm_clones
                0x08000bc8       0x24 /opt/gcc-arm-none-eabi/bin/../lib/gcc/arm-none-eabi/12.3.1/thumb/v7e-m+fp/hard/crtbegin.o
 .text.__do_global_dtors_aux
                0x08000bec       0x28 /opt/gcc-arm-none-eabi/bin/../lib/gcc/arm-none-eabi/12.3.1/thumb/v7e-m+fp/hard/crtbegin.o
 .text.frame_dummy
                0x08000c14       0x24 /opt/gcc-arm-none-eabi/bin/../lib/gcc/arm-none-eabi/12.3.1/thumb/v7e-m+fp/hard/crtbegin.o
 .text.HAL_TIM_PeriodElapsedCallback
                0x08000c38       0x18 build/main.o
                0x08000c38                HAL_TIM_PeriodElapsedCallback
 .text.Error_Handler
                0x08000c50        0x4 build/main.o
                0x08000c50                Error_Handler
 .text.SystemClock_Config
                0x08000c54       0xa4 build/main.o
                0x08000c54                SystemClock_Config
 .text.main     0x08000cf8       0x34 build/main.o
                0x08000cf8                main
 .text.MX_GPIO_Init
                0x08000d2c       0xe8 build/gpio.o
                0x08000d2c                MX_GPIO_Init
 .text.HAL_TIM_Base_MspInit
                0x08000e14       0xcc build/tim.o
                0x08000e14                HAL_TIM_Base_MspInit
 .text.HAL_TIM_MspPostInit
                0x08000ee0       0xfc build/tim.o
                0x08000ee0                HAL_TIM_MspPostInit
 .text.SetupTIMHandle
                0x08000fdc       0xc6 build/tim.o
                0x08000fdc                SetupTIMHandle
 *fill*         0x080010a2        0x2 
 .text.__io_putchar
                0x080010a4       0x20 build/usart.o
                0x080010a4                __io_putchar
 .text.HAL_UART_MspInit
                0x080010c4       0x7c build/usart.o
                0x080010c4                HAL_UART_MspInit
 .text.MX_USART2_UART_Init
                0x08001140       0x3c build/usart.o
                0x08001140                MX_USART2_UART_Init
 .text.GetMotor
                0x0800117c       0x30 build/Motor.o
 .text._ChangeSpeed
                0x080011ac       0x40 build/Motor.o
                0x080011ac                _ChangeSpeed
 .text.InitializeMotor
                0x080011ec       0x5c build/Motor.o
                0x080011ec                InitializeMotor
 .text._StopMotor
                0x08001248       0x16 build/Motor.o
                0x08001248                _StopMotor
 .text.NMI_Handler
                0x0800125e        0x2 build/stm32f4xx_it.o
                0x0800125e                NMI_Handler
 .text.HardFault_Handler
                0x08001260        0x2 build/stm32f4xx_it.o
                0x08001260                HardFault_Handler
 .text.MemManage_Handler
                0x08001262        0x2 build/stm32f4xx_it.o
                0x08001262                MemManage_Handler
 .text.BusFault_Handler
                0x08001264        0x2 build/stm32f4xx_it.o
                0x08001264                BusFault_Handler
 .text.UsageFault_Handler
                0x08001266        0x2 build/stm32f4xx_it.o
                0x08001266                UsageFault_Handler
 .text.DebugMon_Handler
                0x08001268        0x2 build/stm32f4xx_it.o
                0x08001268                DebugMon_Handler
 .text.PVD_IRQHandler
                0x0800126a        0x8 build/stm32f4xx_it.o
                0x0800126a                PVD_IRQHandler
 .text.FLASH_IRQHandler
                0x08001272        0x8 build/stm32f4xx_it.o
                0x08001272                FLASH_IRQHandler
 .text.RCC_IRQHandler
                0x0800127a        0x2 build/stm32f4xx_it.o
                0x0800127a                RCC_IRQHandler
 .text.ADC_IRQHandler
                0x0800127c       0x10 build/stm32f4xx_it.o
                0x0800127c                ADC_IRQHandler
 .text.TIM1_BRK_TIM9_IRQHandler
                0x0800128c       0x18 build/stm32f4xx_it.o
                0x0800128c                TIM1_BRK_TIM9_IRQHandler
 .text.TIM2_IRQHandler
                0x080012a4       0x10 build/stm32f4xx_it.o
                0x080012a4                TIM2_IRQHandler
 .text.TIM3_IRQHandler
                0x080012b4       0x10 build/stm32f4xx_it.o
                0x080012b4                TIM3_IRQHandler
 .text.TIM4_IRQHandler
                0x080012c4       0x10 build/stm32f4xx_it.o
                0x080012c4                TIM4_IRQHandler
 .text.I2C1_EV_IRQHandler
                0x080012d4       0x10 build/stm32f4xx_it.o
                0x080012d4                I2C1_EV_IRQHandler
 .text.I2C1_ER_IRQHandler
                0x080012e4       0x10 build/stm32f4xx_it.o
                0x080012e4                I2C1_ER_IRQHandler
 .text.SPI1_IRQHandler
                0x080012f4       0x10 build/stm32f4xx_it.o
                0x080012f4                SPI1_IRQHandler
 .text.USART2_IRQHandler
                0x08001304       0x10 build/stm32f4xx_it.o
                0x08001304                USART2_IRQHandler
 .text.TIM5_IRQHandler
                0x08001314       0x10 build/stm32f4xx_it.o
                0x08001314                TIM5_IRQHandler
 .text._getpid  0x08001324        0x4 build/syscalls.o
                0x08001324                _getpid
 .text._kill    0x08001328       0x10 build/syscalls.o
                0x08001328                _kill
 .text._exit    0x08001338        0xc build/syscalls.o
                0x08001338                _exit
 .text._read    0x08001344       0x20 build/syscalls.o
                0x08001344                _read
 .text._write   0x08001364       0x1c build/syscalls.o
                0x08001364                _write
 .text._close   0x08001380        0x6 build/syscalls.o
                0x08001380                _close
 .text._fstat   0x08001386        0xa build/syscalls.o
                0x08001386                _fstat
 .text._isatty  0x08001390        0x4 build/syscalls.o
                0x08001390                _isatty
 .text._lseek   0x08001394        0x4 build/syscalls.o
                0x08001394                _lseek
 .text.HAL_MspInit
                0x08001398       0x74 build/stm32f4xx_hal_msp.o
                0x08001398                HAL_MspInit
 .text.HAL_InitTick
                0x0800140c       0x94 build/stm32f4xx_hal_timebase_tim.o
                0x0800140c                HAL_InitTick
 .text.HAL_ADC_ConvCpltCallback
                0x080014a0        0x2 build/stm32f4xx_hal_adc.o
                0x080014a0                HAL_ADC_ConvCpltCallback
 .text.HAL_ADC_LevelOutOfWindowCallback
                0x080014a2        0x2 build/stm32f4xx_hal_adc.o
                0x080014a2                HAL_ADC_LevelOutOfWindowCallback
 .text.HAL_ADC_ErrorCallback
                0x080014a4        0x2 build/stm32f4xx_hal_adc.o
                0x080014a4                HAL_ADC_ErrorCallback
 .text.HAL_ADC_IRQHandler
                0x080014a6      0x142 build/stm32f4xx_hal_adc.o
                0x080014a6                HAL_ADC_IRQHandler
 .text.HAL_ADCEx_InjectedConvCpltCallback
                0x080015e8        0x2 build/stm32f4xx_hal_adc_ex.o
                0x080015e8                HAL_ADCEx_InjectedConvCpltCallback
 *fill*         0x080015ea        0x2 
 .text.HAL_RCC_OscConfig
                0x080015ec      0x3f8 build/stm32f4xx_hal_rcc.o
                0x080015ec                HAL_RCC_OscConfig
 .text.HAL_RCC_GetSysClockFreq
                0x080019e4       0xdc build/stm32f4xx_hal_rcc.o
                0x080019e4                HAL_RCC_GetSysClockFreq
 .text.HAL_RCC_ClockConfig
                0x08001ac0      0x160 build/stm32f4xx_hal_rcc.o
                0x08001ac0                HAL_RCC_ClockConfig
 .text.HAL_RCC_GetHCLKFreq
                0x08001c20        0xc build/stm32f4xx_hal_rcc.o
                0x08001c20                HAL_RCC_GetHCLKFreq
 .text.HAL_RCC_GetPCLK1Freq
                0x08001c2c       0x20 build/stm32f4xx_hal_rcc.o
                0x08001c2c                HAL_RCC_GetPCLK1Freq
 .text.HAL_RCC_GetPCLK2Freq
                0x08001c4c       0x20 build/stm32f4xx_hal_rcc.o
                0x08001c4c                HAL_RCC_GetPCLK2Freq
 .text.HAL_RCC_GetClockConfig
                0x08001c6c       0x3c build/stm32f4xx_hal_rcc.o
                0x08001c6c                HAL_RCC_GetClockConfig
 .text.FLASH_SetErrorCode
                0x08001ca8       0xa8 build/stm32f4xx_hal_flash.o
 .text.HAL_FLASH_EndOfOperationCallback
                0x08001d50        0x2 build/stm32f4xx_hal_flash.o
                0x08001d50                HAL_FLASH_EndOfOperationCallback
 .text.HAL_FLASH_OperationErrorCallback
                0x08001d52        0x2 build/stm32f4xx_hal_flash.o
                0x08001d52                HAL_FLASH_OperationErrorCallback
 .text.HAL_FLASH_IRQHandler
                0x08001d54       0xf4 build/stm32f4xx_hal_flash.o
                0x08001d54                HAL_FLASH_IRQHandler
 .text.FLASH_Erase_Sector
                0x08001e48       0x4c build/stm32f4xx_hal_flash_ex.o
                0x08001e48                FLASH_Erase_Sector
 .text.FLASH_FlushCaches
                0x08001e94       0x60 build/stm32f4xx_hal_flash_ex.o
                0x08001e94                FLASH_FlushCaches
 .text.HAL_GPIO_Init
                0x08001ef4      0x1c8 build/stm32f4xx_hal_gpio.o
                0x08001ef4                HAL_GPIO_Init
 .text.HAL_DMA_Abort
                0x080020bc       0x94 build/stm32f4xx_hal_dma.o
                0x080020bc                HAL_DMA_Abort
 .text.HAL_DMA_Abort_IT
                0x08002150       0x26 build/stm32f4xx_hal_dma.o
                0x08002150                HAL_DMA_Abort_IT
 .text.HAL_DMA_GetState
                0x08002176        0x6 build/stm32f4xx_hal_dma.o
                0x08002176                HAL_DMA_GetState
 .text.HAL_PWR_PVDCallback
                0x0800217c        0x2 build/stm32f4xx_hal_pwr.o
                0x0800217c                HAL_PWR_PVDCallback
 *fill*         0x0800217e        0x2 
 .text.HAL_PWR_PVD_IRQHandler
                0x08002180       0x20 build/stm32f4xx_hal_pwr.o
                0x08002180                HAL_PWR_PVD_IRQHandler
 .text.__NVIC_EnableIRQ
                0x080021a0       0x1c build/stm32f4xx_hal_cortex.o
 .text.__NVIC_SetPriority
                0x080021bc       0x28 build/stm32f4xx_hal_cortex.o
 .text.NVIC_EncodePriority
                0x080021e4       0x3e build/stm32f4xx_hal_cortex.o
 *fill*         0x08002222        0x2 
 .text.HAL_NVIC_SetPriorityGrouping
                0x08002224       0x24 build/stm32f4xx_hal_cortex.o
                0x08002224                HAL_NVIC_SetPriorityGrouping
 .text.HAL_NVIC_SetPriority
                0x08002248       0x20 build/stm32f4xx_hal_cortex.o
                0x08002248                HAL_NVIC_SetPriority
 .text.HAL_NVIC_EnableIRQ
                0x08002268        0x8 build/stm32f4xx_hal_cortex.o
                0x08002268                HAL_NVIC_EnableIRQ
 .text.HAL_Init
                0x08002270       0x34 build/stm32f4xx_hal.o
                0x08002270                HAL_Init
 .text.HAL_IncTick
                0x080022a4       0x18 build/stm32f4xx_hal.o
                0x080022a4                HAL_IncTick
 .text.HAL_GetTick
                0x080022bc        0xc build/stm32f4xx_hal.o
                0x080022bc                HAL_GetTick
 .text.I2C_Flush_DR
                0x080022c8       0x10 build/stm32f4xx_hal_i2c.o
 .text.I2C_Master_SB
                0x080022d8       0xa8 build/stm32f4xx_hal_i2c.o
 .text.I2C_Master_ADD10
                0x08002380       0x2a build/stm32f4xx_hal_i2c.o
 *fill*         0x080023aa        0x2 
 .text.I2C_Master_ADDR
                0x080023ac      0x234 build/stm32f4xx_hal_i2c.o
 .text.I2C_SlaveTransmit_BTF
                0x080025e0       0x20 build/stm32f4xx_hal_i2c.o
 .text.I2C_SlaveReceive_BTF
                0x08002600       0x20 build/stm32f4xx_hal_i2c.o
 .text.I2C_WaitOnSTOPRequestThroughIT
                0x08002620       0x48 build/stm32f4xx_hal_i2c.o
 .text.I2C_ConvertOtherXferOptions
                0x08002668       0x1e build/stm32f4xx_hal_i2c.o
 .text.HAL_I2C_MasterTxCpltCallback
                0x08002686        0x2 build/stm32f4xx_hal_i2c.o
                0x08002686                HAL_I2C_MasterTxCpltCallback
 .text.HAL_I2C_MasterRxCpltCallback
                0x08002688        0x2 build/stm32f4xx_hal_i2c.o
                0x08002688                HAL_I2C_MasterRxCpltCallback
 .text.HAL_I2C_SlaveTxCpltCallback
                0x0800268a        0x2 build/stm32f4xx_hal_i2c.o
                0x0800268a                HAL_I2C_SlaveTxCpltCallback
 .text.I2C_SlaveTransmit_TXE
                0x0800268c       0x4c build/stm32f4xx_hal_i2c.o
 .text.HAL_I2C_SlaveRxCpltCallback
                0x080026d8        0x2 build/stm32f4xx_hal_i2c.o
                0x080026d8                HAL_I2C_SlaveRxCpltCallback
 .text.I2C_SlaveReceive_RXNE
                0x080026da       0x4c build/stm32f4xx_hal_i2c.o
 .text.HAL_I2C_AddrCallback
                0x08002726        0x2 build/stm32f4xx_hal_i2c.o
                0x08002726                HAL_I2C_AddrCallback
 .text.I2C_Slave_ADDR
                0x08002728       0x5a build/stm32f4xx_hal_i2c.o
 .text.HAL_I2C_ListenCpltCallback
                0x08002782        0x2 build/stm32f4xx_hal_i2c.o
                0x08002782                HAL_I2C_ListenCpltCallback
 .text.I2C_Slave_AF
                0x08002784       0xa0 build/stm32f4xx_hal_i2c.o
 .text.HAL_I2C_MemTxCpltCallback
                0x08002824        0x2 build/stm32f4xx_hal_i2c.o
                0x08002824                HAL_I2C_MemTxCpltCallback
 .text.I2C_MasterTransmit_BTF
                0x08002826       0x9e build/stm32f4xx_hal_i2c.o
 .text.I2C_MemoryTransmit_TXE_BTF
                0x080028c4       0xc4 build/stm32f4xx_hal_i2c.o
 .text.I2C_MasterTransmit_TXE
                0x08002988       0xd4 build/stm32f4xx_hal_i2c.o
 .text.HAL_I2C_MemRxCpltCallback
                0x08002a5c        0x2 build/stm32f4xx_hal_i2c.o
                0x08002a5c                HAL_I2C_MemRxCpltCallback
 .text.I2C_MasterReceive_BTF
                0x08002a5e      0x140 build/stm32f4xx_hal_i2c.o
 .text.HAL_I2C_ErrorCallback
                0x08002b9e        0x2 build/stm32f4xx_hal_i2c.o
                0x08002b9e                HAL_I2C_ErrorCallback
 .text.I2C_MasterReceive_RXNE
                0x08002ba0      0x106 build/stm32f4xx_hal_i2c.o
 .text.HAL_I2C_AbortCpltCallback
                0x08002ca6        0x2 build/stm32f4xx_hal_i2c.o
                0x08002ca6                HAL_I2C_AbortCpltCallback
 .text.I2C_DMAAbort
                0x08002ca8       0xe4 build/stm32f4xx_hal_i2c.o
 .text.I2C_ITError
                0x08002d8c      0x178 build/stm32f4xx_hal_i2c.o
 .text.I2C_Slave_STOPF
                0x08002f04      0x18c build/stm32f4xx_hal_i2c.o
 .text.HAL_I2C_EV_IRQHandler
                0x08003090      0x1a0 build/stm32f4xx_hal_i2c.o
                0x08003090                HAL_I2C_EV_IRQHandler
 .text.HAL_I2C_ER_IRQHandler
                0x08003230       0xbc build/stm32f4xx_hal_i2c.o
                0x08003230                HAL_I2C_ER_IRQHandler
 .text.HAL_SPI_ErrorCallback
                0x080032ec        0x2 build/stm32f4xx_hal_spi.o
                0x080032ec                HAL_SPI_ErrorCallback
 *fill*         0x080032ee        0x2 
 .text.HAL_SPI_IRQHandler
                0x080032f0      0x118 build/stm32f4xx_hal_spi.o
                0x080032f0                HAL_SPI_IRQHandler
 .text.SPI_DMAAbortOnError
                0x08003408       0x10 build/stm32f4xx_hal_spi.o
 .text.TIM_OC1_SetConfig
                0x08003418       0x54 build/stm32f4xx_hal_tim.o
 .text.TIM_OC3_SetConfig
                0x0800346c       0x5c build/stm32f4xx_hal_tim.o
 .text.TIM_OC4_SetConfig
                0x080034c8       0x48 build/stm32f4xx_hal_tim.o
 .text.TIM_TI1_ConfigInputStage
                0x08003510       0x26 build/stm32f4xx_hal_tim.o
 .text.TIM_TI2_ConfigInputStage
                0x08003536       0x28 build/stm32f4xx_hal_tim.o
 .text.TIM_ITRx_SetConfig
                0x0800355e       0x10 build/stm32f4xx_hal_tim.o
 *fill*         0x0800356e        0x2 
 .text.HAL_TIM_Base_Start_IT
                0x08003570       0x78 build/stm32f4xx_hal_tim.o
                0x08003570                HAL_TIM_Base_Start_IT
 .text.HAL_TIM_PWM_MspInit
                0x080035e8        0x2 build/stm32f4xx_hal_tim.o
                0x080035e8                HAL_TIM_PWM_MspInit
 .text.HAL_TIM_OC_DelayElapsedCallback
                0x080035ea        0x2 build/stm32f4xx_hal_tim.o
                0x080035ea                HAL_TIM_OC_DelayElapsedCallback
 .text.HAL_TIM_IC_CaptureCallback
                0x080035ec        0x2 build/stm32f4xx_hal_tim.o
                0x080035ec                HAL_TIM_IC_CaptureCallback
 .text.HAL_TIM_PWM_PulseFinishedCallback
                0x080035ee        0x2 build/stm32f4xx_hal_tim.o
                0x080035ee                HAL_TIM_PWM_PulseFinishedCallback
 .text.HAL_TIM_TriggerCallback
                0x080035f0        0x2 build/stm32f4xx_hal_tim.o
                0x080035f0                HAL_TIM_TriggerCallback
 .text.HAL_TIM_IRQHandler
                0x080035f2      0x15e build/stm32f4xx_hal_tim.o
                0x080035f2                HAL_TIM_IRQHandler
 .text.TIM_Base_SetConfig
                0x08003750       0xac build/stm32f4xx_hal_tim.o
                0x08003750                TIM_Base_SetConfig
 .text.HAL_TIM_Base_Init
                0x080037fc       0x58 build/stm32f4xx_hal_tim.o
                0x080037fc                HAL_TIM_Base_Init
 .text.HAL_TIM_PWM_Init
                0x08003854       0x58 build/stm32f4xx_hal_tim.o
                0x08003854                HAL_TIM_PWM_Init
 .text.TIM_OC2_SetConfig
                0x080038ac       0x5c build/stm32f4xx_hal_tim.o
                0x080038ac                TIM_OC2_SetConfig
 .text.HAL_TIM_PWM_ConfigChannel
                0x08003908       0xdc build/stm32f4xx_hal_tim.o
                0x08003908                HAL_TIM_PWM_ConfigChannel
 .text.TIM_ETR_SetConfig
                0x080039e4       0x1a build/stm32f4xx_hal_tim.o
                0x080039e4                TIM_ETR_SetConfig
 .text.HAL_TIM_ConfigClockSource
                0x080039fe       0xfe build/stm32f4xx_hal_tim.o
                0x080039fe                HAL_TIM_ConfigClockSource
 .text.TIM_CCxChannelCmd
                0x08003afc       0x1e build/stm32f4xx_hal_tim.o
                0x08003afc                TIM_CCxChannelCmd
 *fill*         0x08003b1a        0x2 
 .text.HAL_TIM_PWM_Start
                0x08003b1c       0xf0 build/stm32f4xx_hal_tim.o
                0x08003b1c                HAL_TIM_PWM_Start
 .text.HAL_TIM_PWM_Stop
                0x08003c0c       0x84 build/stm32f4xx_hal_tim.o
                0x08003c0c                HAL_TIM_PWM_Stop
 .text.HAL_TIMEx_MasterConfigSynchronization
                0x08003c90       0x7c build/stm32f4xx_hal_tim_ex.o
                0x08003c90                HAL_TIMEx_MasterConfigSynchronization
 .text.HAL_TIMEx_CommutCallback
                0x08003d0c        0x2 build/stm32f4xx_hal_tim_ex.o
                0x08003d0c                HAL_TIMEx_CommutCallback
 .text.HAL_TIMEx_BreakCallback
                0x08003d0e        0x2 build/stm32f4xx_hal_tim_ex.o
                0x08003d0e                HAL_TIMEx_BreakCallback
 .text.UART_EndRxTransfer
                0x08003d10       0x5c build/stm32f4xx_hal_uart.o
 .text.UART_Transmit_IT
                0x08003d6c       0x60 build/stm32f4xx_hal_uart.o
 .text.UART_SetConfig
                0x08003dcc      0x110 build/stm32f4xx_hal_uart.o
 .text.UART_WaitOnFlagUntilTimeout
                0x08003edc       0x86 build/stm32f4xx_hal_uart.o
 .text.HAL_UART_Init
                0x08003f62       0x60 build/stm32f4xx_hal_uart.o
                0x08003f62                HAL_UART_Init
 .text.HAL_UART_Transmit
                0x08003fc2       0xcc build/stm32f4xx_hal_uart.o
                0x08003fc2                HAL_UART_Transmit
 .text.HAL_UART_TxCpltCallback
                0x0800408e        0x2 build/stm32f4xx_hal_uart.o
                0x0800408e                HAL_UART_TxCpltCallback
 .text.UART_EndTransmit_IT
                0x08004090       0x1a build/stm32f4xx_hal_uart.o
 .text.HAL_UART_RxCpltCallback
                0x080040aa        0x2 build/stm32f4xx_hal_uart.o
                0x080040aa                HAL_UART_RxCpltCallback
 .text.HAL_UART_ErrorCallback
                0x080040ac        0x2 build/stm32f4xx_hal_uart.o
                0x080040ac                HAL_UART_ErrorCallback
 .text.UART_DMAAbortOnError
                0x080040ae       0x10 build/stm32f4xx_hal_uart.o
 .text.HAL_UARTEx_RxEventCallback
                0x080040be        0x2 build/stm32f4xx_hal_uart.o
                0x080040be                HAL_UARTEx_RxEventCallback
 .text.UART_Receive_IT
                0x080040c0       0xe6 build/stm32f4xx_hal_uart.o
 *fill*         0x080041a6        0x2 
 .text.HAL_UART_IRQHandler
                0x080041a8      0x284 build/stm32f4xx_hal_uart.o
                0x080041a8                HAL_UART_IRQHandler
 .text.SystemInit
                0x0800442c       0x14 build/system_stm32f4xx.o
                0x0800442c                SystemInit
 .text.vListInsertEnd
                0x08004440       0x16 build/list.o
                0x08004440                vListInsertEnd
 .text.uxListRemove
                0x08004456       0x26 build/list.o
                0x08004456                uxListRemove
 .text.prvResetNextTaskUnblockTime
                0x0800447c       0x2c build/tasks.o
 .text.xTaskIncrementTick
                0x080044a8      0x118 build/tasks.o
                0x080044a8                xTaskIncrementTick
 .text.vTaskSwitchContext
                0x080045c0       0xa4 build/tasks.o
                0x080045c0                vTaskSwitchContext
 *fill*         0x08004664        0xc 
 .text.SVC_Handler
                0x08004670       0x24 build/port.o
                0x08004670                SVC_Handler
 *fill*         0x08004694        0xc 
 .text.PendSV_Handler
                0x080046a0       0x64 build/port.o
                0x080046a0                PendSV_Handler
 .text.SysTick_Handler
                0x08004704       0x2c build/port.o
                0x08004704                SysTick_Handler
 .text.Reset_Handler
                0x08004730       0x50 build/startup_stm32f401xe.o
                0x08004730                Reset_Handler
 .text.Default_Handler
                0x08004780        0x2 build/startup_stm32f401xe.o
                0x08004780                RTC_Alarm_IRQHandler
                0x08004780                EXTI2_IRQHandler
                0x08004780                SPI4_IRQHandler
                0x08004780                TIM1_CC_IRQHandler
                0x08004780                DMA2_Stream5_IRQHandler
                0x08004780                DMA1_Stream5_IRQHandler
                0x08004780                SDIO_IRQHandler
                0x08004780                TAMP_STAMP_IRQHandler
                0x08004780                EXTI3_IRQHandler
                0x08004780                TIM1_UP_TIM10_IRQHandler
                0x08004780                I2C3_ER_IRQHandler
                0x08004780                EXTI0_IRQHandler
                0x08004780                I2C2_EV_IRQHandler
                0x08004780                DMA1_Stream2_IRQHandler
                0x08004780                FPU_IRQHandler
                0x08004780                DMA2_Stream2_IRQHandler
                0x08004780                DMA2_Stream3_IRQHandler
                0x08004780                USART6_IRQHandler
                0x08004780                DMA2_Stream0_IRQHandler
                0x08004780                DMA1_Stream6_IRQHandler
                0x08004780                DMA1_Stream1_IRQHandler
                0x08004780                Default_Handler
                0x08004780                EXTI15_10_IRQHandler
                0x08004780                DMA1_Stream7_IRQHandler
                0x08004780                DMA2_Stream7_IRQHandler
                0x08004780                I2C3_EV_IRQHandler
                0x08004780                EXTI9_5_IRQHandler
                0x08004780                RTC_WKUP_IRQHandler
                0x08004780                SPI2_IRQHandler
                0x08004780                DMA1_Stream0_IRQHandler
                0x08004780                EXTI4_IRQHandler
                0x08004780                WWDG_IRQHandler
                0x08004780                OTG_FS_WKUP_IRQHandler
                0x08004780                TIM1_TRG_COM_TIM11_IRQHandler
                0x08004780                EXTI1_IRQHandler
                0x08004780                I2C2_ER_IRQHandler
                0x08004780                DMA2_Stream1_IRQHandler
                0x08004780                DMA2_Stream4_IRQHandler
                0x08004780                USART1_IRQHandler
                0x08004780                OTG_FS_IRQHandler
                0x08004780                SPI3_IRQHandler
                0x08004780                DMA1_Stream4_IRQHandler
                0x08004780                DMA2_Stream6_IRQHandler
                0x08004780                DMA1_Stream3_IRQHandler
 *fill*         0x08004782        0x2 
 .text.__libc_init_array
                0x08004784       0x48 /opt/gcc-arm-none-eabi/bin/../lib/gcc/arm-none-eabi/12.3.1/../../../../arm-none-eabi/lib/thumb/v7e-m+fp/hard/libc_nano.a(libc_a-init.o)
                0x08004784                __libc_init_array
 .text.__cvt    0x080047cc       0xd2 /opt/gcc-arm-none-eabi/bin/../lib/gcc/arm-none-eabi/12.3.1/../../../../arm-none-eabi/lib/thumb/v7e-m+fp/hard/libc_nano.a(libc_a-nano-vfprintf_float.o)
                0x080047cc                __cvt
 .text.__exponent
                0x0800489e       0x74 /opt/gcc-arm-none-eabi/bin/../lib/gcc/arm-none-eabi/12.3.1/../../../../arm-none-eabi/lib/thumb/v7e-m+fp/hard/libc_nano.a(libc_a-nano-vfprintf_float.o)
                0x0800489e                __exponent
 *fill*         0x08004912        0x2 
 .text._printf_float
                0x08004914      0x464 /opt/gcc-arm-none-eabi/bin/../lib/gcc/arm-none-eabi/12.3.1/../../../../arm-none-eabi/lib/thumb/v7e-m+fp/hard/libc_nano.a(libc_a-nano-vfprintf_float.o)
                0x08004914                _printf_float
 .text.printf   0x08004d78       0x24 /opt/gcc-arm-none-eabi/bin/../lib/gcc/arm-none-eabi/12.3.1/../../../../arm-none-eabi/lib/thumb/v7e-m+fp/hard/libc_nano.a(libc_a-printf.o)
                0x08004d78                printf
                0x08004d78                iprintf
 .text.__sfputc_r
                0x08004d9c       0x2e /opt/gcc-arm-none-eabi/bin/../lib/gcc/arm-none-eabi/12.3.1/../../../../arm-none-eabi/lib/thumb/v7e-m+fp/hard/libc_nano.a(libc_a-nano-vfprintf.o)
 .text.__sfputs_r
                0x08004dca       0x24 /opt/gcc-arm-none-eabi/bin/../lib/gcc/arm-none-eabi/12.3.1/../../../../arm-none-eabi/lib/thumb/v7e-m+fp/hard/libc_nano.a(libc_a-nano-vfprintf.o)
                0x08004dca                __sfputs_r
 *fill*         0x08004dee        0x2 
 .text._vfprintf_r
                0x08004df0      0x230 /opt/gcc-arm-none-eabi/bin/../lib/gcc/arm-none-eabi/12.3.1/../../../../arm-none-eabi/lib/thumb/v7e-m+fp/hard/libc_nano.a(libc_a-nano-vfprintf.o)
                0x08004df0                _vfiprintf_r
                0x08004df0                _vfprintf_r
 .text.__swbuf_r
                0x08005020       0x7c /opt/gcc-arm-none-eabi/bin/../lib/gcc/arm-none-eabi/12.3.1/../../../../arm-none-eabi/lib/thumb/v7e-m+fp/hard/libc_nano.a(libc_a-wbuf.o)
                0x08005020                __swbuf_r
 .text.__swsetup_r
                0x0800509c       0xac /opt/gcc-arm-none-eabi/bin/../lib/gcc/arm-none-eabi/12.3.1/../../../../arm-none-eabi/lib/thumb/v7e-m+fp/hard/libc_nano.a(libc_a-wsetup.o)
                0x0800509c                __swsetup_r
 .text._printf_common
                0x08005148       0xda /opt/gcc-arm-none-eabi/bin/../lib/gcc/arm-none-eabi/12.3.1/../../../../arm-none-eabi/lib/thumb/v7e-m+fp/hard/libc_nano.a(libc_a-nano-vfprintf_i.o)
                0x08005148                _printf_common
 *fill*         0x08005222        0x2 
 .text._printf_i
                0x08005224      0x258 /opt/gcc-arm-none-eabi/bin/../lib/gcc/arm-none-eabi/12.3.1/../../../../arm-none-eabi/lib/thumb/v7e-m+fp/hard/libc_nano.a(libc_a-nano-vfprintf_i.o)
                0x08005224                _printf_i
 .text.__sflush_r
                0x0800547c      0x108 /opt/gcc-arm-none-eabi/bin/../lib/gcc/arm-none-eabi/12.3.1/../../../../arm-none-eabi/lib/thumb/v7e-m+fp/hard/libc_nano.a(libc_a-fflush.o)
                0x0800547c                __sflush_r
 .text._fflush_r
                0x08005584       0x50 /opt/gcc-arm-none-eabi/bin/../lib/gcc/arm-none-eabi/12.3.1/../../../../arm-none-eabi/lib/thumb/v7e-m+fp/hard/libc_nano.a(libc_a-fflush.o)
                0x08005584                _fflush_r
 .text.memcpy   0x080055d4       0x1c /opt/gcc-arm-none-eabi/bin/../lib/gcc/arm-none-eabi/12.3.1/../../../../arm-none-eabi/lib/thumb/v7e-m+fp/hard/libc_nano.a(libc_a-memcpy-stub.o)
                0x080055d4                memcpy
 .text.std      0x080055f0       0x6c /opt/gcc-arm-none-eabi/bin/../lib/gcc/arm-none-eabi/12.3.1/../../../../arm-none-eabi/lib/thumb/v7e-m+fp/hard/libc_nano.a(libc_a-findfp.o)
 .text.stdio_exit_handler
                0x0800565c       0x18 /opt/gcc-arm-none-eabi/bin/../lib/gcc/arm-none-eabi/12.3.1/../../../../arm-none-eabi/lib/thumb/v7e-m+fp/hard/libc_nano.a(libc_a-findfp.o)
 .text.cleanup_stdio
                0x08005674       0x40 /opt/gcc-arm-none-eabi/bin/../lib/gcc/arm-none-eabi/12.3.1/../../../../arm-none-eabi/lib/thumb/v7e-m+fp/hard/libc_nano.a(libc_a-findfp.o)
 .text.global_stdio_init.part.0
                0x080056b4       0x3c /opt/gcc-arm-none-eabi/bin/../lib/gcc/arm-none-eabi/12.3.1/../../../../arm-none-eabi/lib/thumb/v7e-m+fp/hard/libc_nano.a(libc_a-findfp.o)
 .text.__sfp_lock_acquire
                0x080056f0        0xc /opt/gcc-arm-none-eabi/bin/../lib/gcc/arm-none-eabi/12.3.1/../../../../arm-none-eabi/lib/thumb/v7e-m+fp/hard/libc_nano.a(libc_a-findfp.o)
                0x080056f0                __sfp_lock_acquire
 .text.__sfp_lock_release
                0x080056fc        0xc /opt/gcc-arm-none-eabi/bin/../lib/gcc/arm-none-eabi/12.3.1/../../../../arm-none-eabi/lib/thumb/v7e-m+fp/hard/libc_nano.a(libc_a-findfp.o)
                0x080056fc                __sfp_lock_release
 .text.__sinit  0x08005708       0x30 /opt/gcc-arm-none-eabi/bin/../lib/gcc/arm-none-eabi/12.3.1/../../../../arm-none-eabi/lib/thumb/v7e-m+fp/hard/libc_nano.a(libc_a-findfp.o)
                0x08005708                __sinit
 .text.__sread  0x08005738       0x22 /opt/gcc-arm-none-eabi/bin/../lib/gcc/arm-none-eabi/12.3.1/../../../../arm-none-eabi/lib/thumb/v7e-m+fp/hard/libc_nano.a(libc_a-stdio.o)
                0x08005738                __sread
 .text.__swrite
                0x0800575a       0x38 /opt/gcc-arm-none-eabi/bin/../lib/gcc/arm-none-eabi/12.3.1/../../../../arm-none-eabi/lib/thumb/v7e-m+fp/hard/libc_nano.a(libc_a-stdio.o)
                0x0800575a                __swrite
 .text.__sseek  0x08005792       0x24 /opt/gcc-arm-none-eabi/bin/../lib/gcc/arm-none-eabi/12.3.1/../../../../arm-none-eabi/lib/thumb/v7e-m+fp/hard/libc_nano.a(libc_a-stdio.o)
                0x08005792                __sseek
 .text.__sclose
                0x080057b6        0x8 /opt/gcc-arm-none-eabi/bin/../lib/gcc/arm-none-eabi/12.3.1/../../../../arm-none-eabi/lib/thumb/v7e-m+fp/hard/libc_nano.a(libc_a-stdio.o)
                0x080057b6                __sclose
 .text.quorem   0x080057be      0x110 /opt/gcc-arm-none-eabi/bin/../lib/gcc/arm-none-eabi/12.3.1/../../../../arm-none-eabi/lib/thumb/v7e-m+fp/hard/libc_nano.a(libc_a-dtoa.o)
 *fill*         0x080058ce        0x2 
 .text._dtoa_r  0x080058d0      0xc58 /opt/gcc-arm-none-eabi/bin/../lib/gcc/arm-none-eabi/12.3.1/../../../../arm-none-eabi/lib/thumb/v7e-m+fp/hard/libc_nano.a(libc_a-dtoa.o)
                0x080058d0                _dtoa_r
 .text._write_r
                0x08006528       0x24 /opt/gcc-arm-none-eabi/bin/../lib/gcc/arm-none-eabi/12.3.1/../../../../arm-none-eabi/lib/thumb/v7e-m+fp/hard/libc_nano.a(libc_a-writer.o)
                0x08006528                _write_r
 .text.__errno  0x0800654c        0xc /opt/gcc-arm-none-eabi/bin/../lib/gcc/arm-none-eabi/12.3.1/../../../../arm-none-eabi/lib/thumb/v7e-m+fp/hard/libc_nano.a(libc_a-errno.o)
                0x0800654c                __errno
 .text._fwalk_sglue
                0x08006558       0x3c /opt/gcc-arm-none-eabi/bin/../lib/gcc/arm-none-eabi/12.3.1/../../../../arm-none-eabi/lib/thumb/v7e-m+fp/hard/libc_nano.a(libc_a-fwalk.o)
                0x08006558                _fwalk_sglue
 .text.memset   0x08006594       0x10 /opt/gcc-arm-none-eabi/bin/../lib/gcc/arm-none-eabi/12.3.1/../../../../arm-none-eabi/lib/thumb/v7e-m+fp/hard/libc_nano.a(libc_a-memset.o)
                0x08006594                memset
 .text._free_r  0x080065a4       0x94 /opt/gcc-arm-none-eabi/bin/../lib/gcc/arm-none-eabi/12.3.1/../../../../arm-none-eabi/lib/thumb/v7e-m+fp/hard/libc_nano.a(libc_a-freer.o)
                0x080065a4                _free_r
 .text.__retarget_lock_init_recursive
                0x08006638        0x2 /opt/gcc-arm-none-eabi/bin/../lib/gcc/arm-none-eabi/12.3.1/../../../../arm-none-eabi/lib/thumb/v7e-m+fp/hard/libc_nano.a(libc_a-lock.o)
                0x08006638                __retarget_lock_init_recursive
 .text.__retarget_lock_acquire_recursive
                0x0800663a        0x2 /opt/gcc-arm-none-eabi/bin/../lib/gcc/arm-none-eabi/12.3.1/../../../../arm-none-eabi/lib/thumb/v7e-m+fp/hard/libc_nano.a(libc_a-lock.o)
                0x0800663a                __retarget_lock_acquire_recursive
 .text.__retarget_lock_release_recursive
                0x0800663c        0x2 /opt/gcc-arm-none-eabi/bin/../lib/gcc/arm-none-eabi/12.3.1/../../../../arm-none-eabi/lib/thumb/v7e-m+fp/hard/libc_nano.a(libc_a-lock.o)
                0x0800663c                __retarget_lock_release_recursive
 *fill*         0x0800663e        0x2 
 .text._localeconv_r
                0x08006640        0x8 /opt/gcc-arm-none-eabi/bin/../lib/gcc/arm-none-eabi/12.3.1/../../../../arm-none-eabi/lib/thumb/v7e-m+fp/hard/libc_nano.a(libc_a-localeconv.o)
                0x08006640                _localeconv_r
 .text.__swhatbuf_r
                0x08006648       0x4c /opt/gcc-arm-none-eabi/bin/../lib/gcc/arm-none-eabi/12.3.1/../../../../arm-none-eabi/lib/thumb/v7e-m+fp/hard/libc_nano.a(libc_a-makebuf.o)
                0x08006648                __swhatbuf_r
 .text.__smakebuf_r
                0x08006694       0x78 /opt/gcc-arm-none-eabi/bin/../lib/gcc/arm-none-eabi/12.3.1/../../../../arm-none-eabi/lib/thumb/v7e-m+fp/hard/libc_nano.a(libc_a-makebuf.o)
                0x08006694                __smakebuf_r
 .text._close_r
                0x0800670c       0x20 /opt/gcc-arm-none-eabi/bin/../lib/gcc/arm-none-eabi/12.3.1/../../../../arm-none-eabi/lib/thumb/v7e-m+fp/hard/libc_nano.a(libc_a-closer.o)
                0x0800670c                _close_r
 .text.malloc   0x0800672c       0x10 /opt/gcc-arm-none-eabi/bin/../lib/gcc/arm-none-eabi/12.3.1/../../../../arm-none-eabi/lib/thumb/v7e-m+fp/hard/libc_nano.a(libc_a-malloc.o)
                0x0800672c                malloc
 .text.sbrk_aligned
                0x0800673c       0x44 /opt/gcc-arm-none-eabi/bin/../lib/gcc/arm-none-eabi/12.3.1/../../../../arm-none-eabi/lib/thumb/v7e-m+fp/hard/libc_nano.a(libc_a-mallocr.o)
 .text._malloc_r
                0x08006780      0x100 /opt/gcc-arm-none-eabi/bin/../lib/gcc/arm-none-eabi/12.3.1/../../../../arm-none-eabi/lib/thumb/v7e-m+fp/hard/libc_nano.a(libc_a-mallocr.o)
                0x08006780                _malloc_r
 .text.__assert_func
                0x08006880       0x3c /opt/gcc-arm-none-eabi/bin/../lib/gcc/arm-none-eabi/12.3.1/../../../../arm-none-eabi/lib/thumb/v7e-m+fp/hard/libc_nano.a(libc_a-assert.o)
                0x08006880                __assert_func
 .text._fstat_r
                0x080068bc       0x24 /opt/gcc-arm-none-eabi/bin/../lib/gcc/arm-none-eabi/12.3.1/../../../../arm-none-eabi/lib/thumb/v7e-m+fp/hard/libc_nano.a(libc_a-fstatr.o)
                0x080068bc                _fstat_r
 .text._isatty_r
                0x080068e0       0x20 /opt/gcc-arm-none-eabi/bin/../lib/gcc/arm-none-eabi/12.3.1/../../../../arm-none-eabi/lib/thumb/v7e-m+fp/hard/libc_nano.a(libc_a-isattyr.o)
                0x080068e0                _isatty_r
 .text._lseek_r
                0x08006900       0x24 /opt/gcc-arm-none-eabi/bin/../lib/gcc/arm-none-eabi/12.3.1/../../../../arm-none-eabi/lib/thumb/v7e-m+fp/hard/libc_nano.a(libc_a-lseekr.o)
                0x08006900                _lseek_r
 .text._read_r  0x08006924       0x24 /opt/gcc-arm-none-eabi/bin/../lib/gcc/arm-none-eabi/12.3.1/../../../../arm-none-eabi/lib/thumb/v7e-m+fp/hard/libc_nano.a(libc_a-readr.o)
                0x08006924                _read_r
 .text.fprintf  0x08006948       0x24 /opt/gcc-arm-none-eabi/bin/../lib/gcc/arm-none-eabi/12.3.1/../../../../arm-none-eabi/lib/thumb/v7e-m+fp/hard/libc_nano.a(libc_a-fprintf.o)
                0x08006948                fprintf
                0x08006948                fiprintf
 .text.__malloc_lock
                0x0800696c        0xc /opt/gcc-arm-none-eabi/bin/../lib/gcc/arm-none-eabi/12.3.1/../../../../arm-none-eabi/lib/thumb/v7e-m+fp/hard/libc_nano.a(libc_a-mlock.o)
                0x0800696c                __malloc_lock
 .text.__malloc_unlock
                0x08006978        0xc /opt/gcc-arm-none-eabi/bin/../lib/gcc/arm-none-eabi/12.3.1/../../../../arm-none-eabi/lib/thumb/v7e-m+fp/hard/libc_nano.a(libc_a-mlock.o)
                0x08006978                __malloc_unlock
 .text._Balloc  0x08006984       0x80 /opt/gcc-arm-none-eabi/bin/../lib/gcc/arm-none-eabi/12.3.1/../../../../arm-none-eabi/lib/thumb/v7e-m+fp/hard/libc_nano.a(libc_a-mprec.o)
                0x08006984                _Balloc
 .text._Bfree   0x08006a04       0x44 /opt/gcc-arm-none-eabi/bin/../lib/gcc/arm-none-eabi/12.3.1/../../../../arm-none-eabi/lib/thumb/v7e-m+fp/hard/libc_nano.a(libc_a-mprec.o)
                0x08006a04                _Bfree
 .text.__multadd
                0x08006a48       0x8c /opt/gcc-arm-none-eabi/bin/../lib/gcc/arm-none-eabi/12.3.1/../../../../arm-none-eabi/lib/thumb/v7e-m+fp/hard/libc_nano.a(libc_a-mprec.o)
                0x08006a48                __multadd
 .text.__hi0bits
                0x08006ad4       0x44 /opt/gcc-arm-none-eabi/bin/../lib/gcc/arm-none-eabi/12.3.1/../../../../arm-none-eabi/lib/thumb/v7e-m+fp/hard/libc_nano.a(libc_a-mprec.o)
                0x08006ad4                __hi0bits
 .text.__lo0bits
                0x08006b18       0x5a /opt/gcc-arm-none-eabi/bin/../lib/gcc/arm-none-eabi/12.3.1/../../../../arm-none-eabi/lib/thumb/v7e-m+fp/hard/libc_nano.a(libc_a-mprec.o)
                0x08006b18                __lo0bits
 *fill*         0x08006b72        0x2 
 .text.__i2b    0x08006b74       0x2c /opt/gcc-arm-none-eabi/bin/../lib/gcc/arm-none-eabi/12.3.1/../../../../arm-none-eabi/lib/thumb/v7e-m+fp/hard/libc_nano.a(libc_a-mprec.o)
                0x08006b74                __i2b
 .text.__multiply
                0x08006ba0      0x154 /opt/gcc-arm-none-eabi/bin/../lib/gcc/arm-none-eabi/12.3.1/../../../../arm-none-eabi/lib/thumb/v7e-m+fp/hard/libc_nano.a(libc_a-mprec.o)
                0x08006ba0                __multiply
 .text.__pow5mult
                0x08006cf4       0xb4 /opt/gcc-arm-none-eabi/bin/../lib/gcc/arm-none-eabi/12.3.1/../../../../arm-none-eabi/lib/thumb/v7e-m+fp/hard/libc_nano.a(libc_a-mprec.o)
                0x08006cf4                __pow5mult
 .text.__lshift
                0x08006da8       0xd8 /opt/gcc-arm-none-eabi/bin/../lib/gcc/arm-none-eabi/12.3.1/../../../../arm-none-eabi/lib/thumb/v7e-m+fp/hard/libc_nano.a(libc_a-mprec.o)
                0x08006da8                __lshift
 .text.__mcmp   0x08006e80       0x36 /opt/gcc-arm-none-eabi/bin/../lib/gcc/arm-none-eabi/12.3.1/../../../../arm-none-eabi/lib/thumb/v7e-m+fp/hard/libc_nano.a(libc_a-mprec.o)
                0x08006e80                __mcmp
 *fill*         0x08006eb6        0x2 
 .text.__mdiff  0x08006eb8      0x128 /opt/gcc-arm-none-eabi/bin/../lib/gcc/arm-none-eabi/12.3.1/../../../../arm-none-eabi/lib/thumb/v7e-m+fp/hard/libc_nano.a(libc_a-mprec.o)
                0x08006eb8                __mdiff
 .text.__d2b    0x08006fe0       0xb0 /opt/gcc-arm-none-eabi/bin/../lib/gcc/arm-none-eabi/12.3.1/../../../../arm-none-eabi/lib/thumb/v7e-m+fp/hard/libc_nano.a(libc_a-mprec.o)
                0x08006fe0                __d2b
 .text._calloc_r
                0x08007090       0x28 /opt/gcc-arm-none-eabi/bin/../lib/gcc/arm-none-eabi/12.3.1/../../../../arm-none-eabi/lib/thumb/v7e-m+fp/hard/libc_nano.a(libc_a-callocr.o)
                0x08007090                _calloc_r
 .text._sbrk_r  0x080070b8       0x20 /opt/gcc-arm-none-eabi/bin/../lib/gcc/arm-none-eabi/12.3.1/../../../../arm-none-eabi/lib/thumb/v7e-m+fp/hard/libc_nano.a(libc_a-sbrkr.o)
                0x080070b8                _sbrk_r
 .text.__ascii_wctomb
                0x080070d8       0x1a /opt/gcc-arm-none-eabi/bin/../lib/gcc/arm-none-eabi/12.3.1/../../../../arm-none-eabi/lib/thumb/v7e-m+fp/hard/libc_nano.a(libc_a-wctomb_r.o)
                0x080070d8                __ascii_wctomb
 .text.abort    0x080070f2        0xe /opt/gcc-arm-none-eabi/bin/../lib/gcc/arm-none-eabi/12.3.1/../../../../arm-none-eabi/lib/thumb/v7e-m+fp/hard/libc_nano.a(libc_a-abort.o)
                0x080070f2                abort
 .text.__ascii_mbtowc
                0x08007100       0x24 /opt/gcc-arm-none-eabi/bin/../lib/gcc/arm-none-eabi/12.3.1/../../../../arm-none-eabi/lib/thumb/v7e-m+fp/hard/libc_nano.a(libc_a-mbtowc_r.o)
                0x08007100                __ascii_mbtowc
 .text._raise_r
                0x08007124       0x50 /opt/gcc-arm-none-eabi/bin/../lib/gcc/arm-none-eabi/12.3.1/../../../../arm-none-eabi/lib/thumb/v7e-m+fp/hard/libc_nano.a(libc_a-signal.o)
                0x08007124                _raise_r
 .text.raise    0x08007174       0x10 /opt/gcc-arm-none-eabi/bin/../lib/gcc/arm-none-eabi/12.3.1/../../../../arm-none-eabi/lib/thumb/v7e-m+fp/hard/libc_nano.a(libc_a-signal.o)
                0x08007174                raise
 .text._kill_r  0x08007184       0x24 /opt/gcc-arm-none-eabi/bin/../lib/gcc/arm-none-eabi/12.3.1/../../../../arm-none-eabi/lib/thumb/v7e-m+fp/hard/libc_nano.a(libc_a-signalr.o)
                0x08007184                _kill_r
 .text._getpid_r
                0x080071a8        0x4 /opt/gcc-arm-none-eabi/bin/../lib/gcc/arm-none-eabi/12.3.1/../../../../arm-none-eabi/lib/thumb/v7e-m+fp/hard/libc_nano.a(libc_a-signalr.o)
                0x080071a8                _getpid_r
 .text._sbrk    0x080071ac       0x1c /opt/gcc-arm-none-eabi/bin/../lib/gcc/arm-none-eabi/12.3.1/../../../../arm-none-eabi/lib/thumb/v7e-m+fp/hard/libnosys.a(sbrk.o)
                0x080071ac                _sbrk
 .text.__udivmoddi4
                0x080071c8      0x2bc /opt/gcc-arm-none-eabi/bin/../lib/gcc/arm-none-eabi/12.3.1/thumb/v7e-m+fp/hard/libgcc.a(_udivmoddi4.o)
                0x080071c8                __udivmoddi4
 *(.glue_7)
 .glue_7        0x08007484        0x0 linker stubs
 *(.glue_7t)
 .glue_7t       0x08007484        0x0 linker stubs
 *(.eh_frame)
 .eh_frame      0x08007484        0x0 /opt/gcc-arm-none-eabi/bin/../lib/gcc/arm-none-eabi/12.3.1/thumb/v7e-m+fp/hard/crtbegin.o
 *(.init)
 .init          0x08007484        0x4 /opt/gcc-arm-none-eabi/bin/../lib/gcc/arm-none-eabi/12.3.1/thumb/v7e-m+fp/hard/crti.o
                0x08007484                _init
 .init          0x08007488        0x8 /opt/gcc-arm-none-eabi/bin/../lib/gcc/arm-none-eabi/12.3.1/thumb/v7e-m+fp/hard/crtn.o
 *(.fini)
 .fini          0x08007490        0x4 /opt/gcc-arm-none-eabi/bin/../lib/gcc/arm-none-eabi/12.3.1/thumb/v7e-m+fp/hard/crti.o
                0x08007490                _fini
 .fini          0x08007494        0x8 /opt/gcc-arm-none-eabi/bin/../lib/gcc/arm-none-eabi/12.3.1/thumb/v7e-m+fp/hard/crtn.o
                0x0800749c                        . = ALIGN (0x4)
                0x0800749c                        _etext = .

.vfp11_veneer   0x0800749c        0x0
 .vfp11_veneer  0x0800749c        0x0 linker stubs

.v4_bx          0x0800749c        0x0
 .v4_bx         0x0800749c        0x0 linker stubs

.iplt           0x0800749c        0x0
 .iplt          0x0800749c        0x0 /opt/gcc-arm-none-eabi/bin/../lib/gcc/arm-none-eabi/12.3.1/thumb/v7e-m+fp/hard/crtbegin.o

.rodata         0x080074a0      0x394
                0x080074a0                        . = ALIGN (0x4)
 *(.rodata)
 *(.rodata*)
 .rodata.main.str1.4
                0x080074a0        0x6 build/main.o
 *fill*         0x080074a6        0x2 
 .rodata.APBPrescTable
                0x080074a8        0x8 build/system_stm32f4xx.o
                0x080074a8                APBPrescTable
 .rodata.AHBPrescTable
                0x080074b0       0x10 build/system_stm32f4xx.o
                0x080074b0                AHBPrescTable
 .rodata._printf_float.str1.1
                0x080074c0       0x12 /opt/gcc-arm-none-eabi/bin/../lib/gcc/arm-none-eabi/12.3.1/../../../../arm-none-eabi/lib/thumb/v7e-m+fp/hard/libc_nano.a(libc_a-nano-vfprintf_float.o)
 .rodata._vfprintf_r.str1.1
                0x080074d2       0x11 /opt/gcc-arm-none-eabi/bin/../lib/gcc/arm-none-eabi/12.3.1/../../../../arm-none-eabi/lib/thumb/v7e-m+fp/hard/libc_nano.a(libc_a-nano-vfprintf.o)
 .rodata._printf_i.str1.1
                0x080074e3       0x22 /opt/gcc-arm-none-eabi/bin/../lib/gcc/arm-none-eabi/12.3.1/../../../../arm-none-eabi/lib/thumb/v7e-m+fp/hard/libc_nano.a(libc_a-nano-vfprintf_i.o)
 .rodata._dtoa_r.str1.1
                0x08007505       0x8e /opt/gcc-arm-none-eabi/bin/../lib/gcc/arm-none-eabi/12.3.1/../../../../arm-none-eabi/lib/thumb/v7e-m+fp/hard/libc_nano.a(libc_a-dtoa.o)
                                 0x90 (size before relaxing)
 .rodata.__assert_func.str1.1
                0x08007593       0x3c /opt/gcc-arm-none-eabi/bin/../lib/gcc/arm-none-eabi/12.3.1/../../../../arm-none-eabi/lib/thumb/v7e-m+fp/hard/libc_nano.a(libc_a-assert.o)
                                 0x3d (size before relaxing)
 .rodata._Balloc.str1.1
                0x080075cf       0x5a /opt/gcc-arm-none-eabi/bin/../lib/gcc/arm-none-eabi/12.3.1/../../../../arm-none-eabi/lib/thumb/v7e-m+fp/hard/libc_nano.a(libc_a-mprec.o)
                                 0x71 (size before relaxing)
 .rodata.__multadd.str1.1
                0x08007629       0x11 /opt/gcc-arm-none-eabi/bin/../lib/gcc/arm-none-eabi/12.3.1/../../../../arm-none-eabi/lib/thumb/v7e-m+fp/hard/libc_nano.a(libc_a-mprec.o)
 *fill*         0x08007629        0x3 
 .rodata.p05.0  0x0800762c        0xc /opt/gcc-arm-none-eabi/bin/../lib/gcc/arm-none-eabi/12.3.1/../../../../arm-none-eabi/lib/thumb/v7e-m+fp/hard/libc_nano.a(libc_a-mprec.o)
 .rodata.__mprec_bigtens
                0x08007638       0x28 /opt/gcc-arm-none-eabi/bin/../lib/gcc/arm-none-eabi/12.3.1/../../../../arm-none-eabi/lib/thumb/v7e-m+fp/hard/libc_nano.a(libc_a-mprec.o)
                0x08007638                __mprec_bigtens
 .rodata.__mprec_tens
                0x08007660       0xc8 /opt/gcc-arm-none-eabi/bin/../lib/gcc/arm-none-eabi/12.3.1/../../../../arm-none-eabi/lib/thumb/v7e-m+fp/hard/libc_nano.a(libc_a-mprec.o)
                0x08007660                __mprec_tens
 .rodata._setlocale_r.str1.1
                0x08007728        0x8 /opt/gcc-arm-none-eabi/bin/../lib/gcc/arm-none-eabi/12.3.1/../../../../arm-none-eabi/lib/thumb/v7e-m+fp/hard/libc_nano.a(libc_a-locale.o)
                                  0x9 (size before relaxing)
 .rodata.str1.1
                0x08007730        0x2 /opt/gcc-arm-none-eabi/bin/../lib/gcc/arm-none-eabi/12.3.1/../../../../arm-none-eabi/lib/thumb/v7e-m+fp/hard/libc_nano.a(libc_a-locale.o)
 .rodata._ctype_
                0x08007732      0x101 /opt/gcc-arm-none-eabi/bin/../lib/gcc/arm-none-eabi/12.3.1/../../../../arm-none-eabi/lib/thumb/v7e-m+fp/hard/libc_nano.a(libc_a-ctype_.o)
                0x08007732                _ctype_
                0x08007834                        . = ALIGN (0x4)
 *fill*         0x08007833        0x1 

.ARM.extab
 *(.ARM.extab* .gnu.linkonce.armextab.*)

.ARM            0x08007834        0x8
                0x08007834                        __exidx_start = .
 *(.ARM.exidx*)
 .ARM.exidx     0x08007834        0x8 /opt/gcc-arm-none-eabi/bin/../lib/gcc/arm-none-eabi/12.3.1/../../../../arm-none-eabi/lib/thumb/v7e-m+fp/hard/libc_nano.a(libc_a-memchr.o)
 .ARM.exidx     0x0800783c        0x0 /opt/gcc-arm-none-eabi/bin/../lib/gcc/arm-none-eabi/12.3.1/../../../../arm-none-eabi/lib/thumb/v7e-m+fp/hard/libc_nano.a(libc_a-strlen.o)
                                  0x8 (size before relaxing)
 .ARM.exidx.text.__udivmoddi4
                0x0800783c        0x0 /opt/gcc-arm-none-eabi/bin/../lib/gcc/arm-none-eabi/12.3.1/thumb/v7e-m+fp/hard/libgcc.a(_udivmoddi4.o)
                                  0x8 (size before relaxing)
                0x0800783c                        __exidx_end = .

.rel.dyn        0x0800783c        0x0
 .rel.iplt      0x0800783c        0x0 /opt/gcc-arm-none-eabi/bin/../lib/gcc/arm-none-eabi/12.3.1/thumb/v7e-m+fp/hard/crtbegin.o

.preinit_array  0x0800783c        0x0
                0x0800783c                        PROVIDE (__preinit_array_start = .)
 *(.preinit_array*)
                0x0800783c                        PROVIDE (__preinit_array_end = .)

.init_array     0x0800783c        0x4
                0x0800783c                        PROVIDE (__init_array_start = .)
 *(SORT_BY_NAME(.init_array.*))
 *(.init_array*)
 .init_array    0x0800783c        0x4 /opt/gcc-arm-none-eabi/bin/../lib/gcc/arm-none-eabi/12.3.1/thumb/v7e-m+fp/hard/crtbegin.o
                0x08007840                        PROVIDE (__init_array_end = .)

.fini_array     0x08007840        0x4
                [!provide]                        PROVIDE (__fini_array_start = .)
 *(SORT_BY_NAME(.fini_array.*))
 *(.fini_array*)
 .fini_array    0x08007840        0x4 /opt/gcc-arm-none-eabi/bin/../lib/gcc/arm-none-eabi/12.3.1/thumb/v7e-m+fp/hard/crtbegin.o
                [!provide]                        PROVIDE (__fini_array_end = .)
                0x08007844                        _sidata = LOADADDR (.data)

.data           0x20000000      0x1e0 load address 0x08007844
                0x20000000                        . = ALIGN (0x4)
                0x20000000                        _sdata = .
 *(.data)
 *(.data*)
 .data.Motor    0x20000000        0xc build/Motor.o
                0x20000000                Motor
 .data.uwTickFreq
                0x2000000c        0x1 build/stm32f4xx_hal.o
                0x2000000c                uwTickFreq
 *fill*         0x2000000d        0x3 
 .data.uwTickPrio
                0x20000010        0x4 build/stm32f4xx_hal.o
                0x20000010                uwTickPrio
 .data.SystemCoreClock
                0x20000014        0x4 build/system_stm32f4xx.o
                0x20000014                SystemCoreClock
 .data._impure_ptr
                0x20000018        0x4 /opt/gcc-arm-none-eabi/bin/../lib/gcc/arm-none-eabi/12.3.1/../../../../arm-none-eabi/lib/thumb/v7e-m+fp/hard/libc_nano.a(libc_a-impure.o)
                0x20000018                _impure_ptr
 .data._impure_data
                0x2000001c       0x4c /opt/gcc-arm-none-eabi/bin/../lib/gcc/arm-none-eabi/12.3.1/../../../../arm-none-eabi/lib/thumb/v7e-m+fp/hard/libc_nano.a(libc_a-impure.o)
                0x2000001c                _impure_data
 .data.__sglue  0x20000068        0xc /opt/gcc-arm-none-eabi/bin/../lib/gcc/arm-none-eabi/12.3.1/../../../../arm-none-eabi/lib/thumb/v7e-m+fp/hard/libc_nano.a(libc_a-findfp.o)
                0x20000068                __sglue
 .data.__global_locale
                0x20000074      0x16c /opt/gcc-arm-none-eabi/bin/../lib/gcc/arm-none-eabi/12.3.1/../../../../arm-none-eabi/lib/thumb/v7e-m+fp/hard/libc_nano.a(libc_a-locale.o)
                0x20000074                __global_locale
                0x200001e0                        . = ALIGN (0x4)
                0x200001e0                        _edata = .

.tm_clone_table
                0x200001e0        0x0 load address 0x08007a24
 .tm_clone_table
                0x200001e0        0x0 /opt/gcc-arm-none-eabi/bin/../lib/gcc/arm-none-eabi/12.3.1/thumb/v7e-m+fp/hard/crtbegin.o
 .tm_clone_table
                0x200001e0        0x0 /opt/gcc-arm-none-eabi/bin/../lib/gcc/arm-none-eabi/12.3.1/thumb/v7e-m+fp/hard/crtend.o

.igot.plt       0x200001e0        0x0 load address 0x08007a24
 .igot.plt      0x200001e0        0x0 /opt/gcc-arm-none-eabi/bin/../lib/gcc/arm-none-eabi/12.3.1/thumb/v7e-m+fp/hard/crtbegin.o
                0x200001e0                        . = ALIGN (0x4)

.bss            0x200001e0      0x530 load address 0x08007a24
                0x200001e0                        _sbss = .
                0x200001e0                        __bss_start__ = _sbss
 *(.bss)
 *(.bss*)
 .bss.completed.1
                0x200001e0        0x1 /opt/gcc-arm-none-eabi/bin/../lib/gcc/arm-none-eabi/12.3.1/thumb/v7e-m+fp/hard/crtbegin.o
 *fill*         0x200001e1        0x3 
 .bss.object.0  0x200001e4       0x18 /opt/gcc-arm-none-eabi/bin/../lib/gcc/arm-none-eabi/12.3.1/thumb/v7e-m+fp/hard/crtbegin.o
 .bss.hadc1     0x200001fc       0x48 build/adc.o
                0x200001fc                hadc1
 .bss.hi2c1     0x20000244       0x54 build/i2c.o
                0x20000244                hi2c1
 .bss.hspi1     0x20000298       0x58 build/spi.o
                0x20000298                hspi1
 .bss.htim5     0x200002f0       0x48 build/tim.o
                0x200002f0                htim5
 .bss.htim4     0x20000338       0x48 build/tim.o
                0x20000338                htim4
 .bss.htim3     0x20000380       0x48 build/tim.o
                0x20000380                htim3
 .bss.htim2     0x200003c8       0x48 build/tim.o
                0x200003c8                htim2
 .bss.htim1     0x20000410       0x48 build/tim.o
                0x20000410                htim1
 .bss.huart2    0x20000458       0x48 build/usart.o
                0x20000458                huart2
 .bss.htim9     0x200004a0       0x48 build/stm32f4xx_hal_timebase_tim.o
                0x200004a0                htim9
 .bss.pFlash    0x200004e8       0x20 build/stm32f4xx_hal_flash.o
                0x200004e8                pFlash
 .bss.uwTick    0x20000508        0x4 build/stm32f4xx_hal.o
                0x20000508                uwTick
 .bss.uxSchedulerSuspended
                0x2000050c        0x4 build/tasks.o
 .bss.xNextTaskUnblockTime
                0x20000510        0x4 build/tasks.o
 .bss.xNumOfOverflows
                0x20000514        0x4 build/tasks.o
 .bss.xYieldPending
                0x20000518        0x4 build/tasks.o
 .bss.xPendedTicks
                0x2000051c        0x4 build/tasks.o
 .bss.uxTopReadyPriority
                0x20000520        0x4 build/tasks.o
 .bss.xTickCount
                0x20000524        0x4 build/tasks.o
 .bss.pxOverflowDelayedTaskList
                0x20000528        0x4 build/tasks.o
 .bss.pxDelayedTaskList
                0x2000052c        0x4 build/tasks.o
 .bss.pxReadyTasksLists
                0x20000530       0x8c build/tasks.o
 .bss.pxCurrentTCB
                0x200005bc        0x4 build/tasks.o
                0x200005bc                pxCurrentTCB
 .bss.errno     0x200005c0        0x4 /opt/gcc-arm-none-eabi/bin/../lib/gcc/arm-none-eabi/12.3.1/../../../../arm-none-eabi/lib/thumb/v7e-m+fp/hard/libc_nano.a(libc_a-reent.o)
                0x200005c0                errno
 .bss.__sf      0x200005c4      0x138 /opt/gcc-arm-none-eabi/bin/../lib/gcc/arm-none-eabi/12.3.1/../../../../arm-none-eabi/lib/thumb/v7e-m+fp/hard/libc_nano.a(libc_a-findfp.o)
                0x200005c4                __sf
 .bss.__stdio_exit_handler
                0x200006fc        0x4 /opt/gcc-arm-none-eabi/bin/../lib/gcc/arm-none-eabi/12.3.1/../../../../arm-none-eabi/lib/thumb/v7e-m+fp/hard/libc_nano.a(libc_a-findfp.o)
                0x200006fc                __stdio_exit_handler
 .bss.__lock___malloc_recursive_mutex
                0x20000700        0x1 /opt/gcc-arm-none-eabi/bin/../lib/gcc/arm-none-eabi/12.3.1/../../../../arm-none-eabi/lib/thumb/v7e-m+fp/hard/libc_nano.a(libc_a-lock.o)
                0x20000700                __lock___malloc_recursive_mutex
 .bss.__lock___sfp_recursive_mutex
                0x20000701        0x1 /opt/gcc-arm-none-eabi/bin/../lib/gcc/arm-none-eabi/12.3.1/../../../../arm-none-eabi/lib/thumb/v7e-m+fp/hard/libc_nano.a(libc_a-lock.o)
                0x20000701                __lock___sfp_recursive_mutex
 *fill*         0x20000702        0x2 
 .bss.__malloc_sbrk_start
                0x20000704        0x4 /opt/gcc-arm-none-eabi/bin/../lib/gcc/arm-none-eabi/12.3.1/../../../../arm-none-eabi/lib/thumb/v7e-m+fp/hard/libc_nano.a(libc_a-mallocr.o)
                0x20000704                __malloc_sbrk_start
 .bss.__malloc_free_list
                0x20000708        0x4 /opt/gcc-arm-none-eabi/bin/../lib/gcc/arm-none-eabi/12.3.1/../../../../arm-none-eabi/lib/thumb/v7e-m+fp/hard/libc_nano.a(libc_a-mallocr.o)
                0x20000708                __malloc_free_list
 .bss.heap_end.0
                0x2000070c        0x4 /opt/gcc-arm-none-eabi/bin/../lib/gcc/arm-none-eabi/12.3.1/../../../../arm-none-eabi/lib/thumb/v7e-m+fp/hard/libnosys.a(sbrk.o)
 *(COMMON)
                0x20000710                        . = ALIGN (0x4)
                0x20000710                        _ebss = .
                0x20000710                        __bss_end__ = _ebss

._user_heap_stack
                0x20000710      0x600 load address 0x08007a24
                0x20000710                        . = ALIGN (0x8)
                0x20000710                        PROVIDE (end = .)
                [!provide]                        PROVIDE (_end = .)
                0x20000910                        . = (. + _Min_Heap_Size)
 *fill*         0x20000710      0x200 
                0x20000d10                        . = (. + _Min_Stack_Size)
 *fill*         0x20000910      0x400 
                0x20000d10                        . = ALIGN (0x8)

/DISCARD/
 libc.a(*)
 libm.a(*)
 libgcc.a(*)

.ARM.attributes
                0x00000000       0x30
 *(.ARM.attributes)
 .ARM.attributes
                0x00000000       0x22 /opt/gcc-arm-none-eabi/bin/../lib/gcc/arm-none-eabi/12.3.1/thumb/v7e-m+fp/hard/crti.o
 .ARM.attributes
                0x00000022       0x34 /opt/gcc-arm-none-eabi/bin/../lib/gcc/arm-none-eabi/12.3.1/thumb/v7e-m+fp/hard/crtbegin.o
 .ARM.attributes
                0x00000056       0x34 build/main.o
 .ARM.attributes
                0x0000008a       0x34 build/gpio.o
 .ARM.attributes
                0x000000be       0x34 build/adc.o
 .ARM.attributes
                0x000000f2       0x34 build/i2c.o
 .ARM.attributes
                0x00000126       0x34 build/spi.o
 .ARM.attributes
                0x0000015a       0x34 build/tim.o
 .ARM.attributes
                0x0000018e       0x34 build/usart.o
 .ARM.attributes
                0x000001c2       0x34 build/Motor.o
 .ARM.attributes
                0x000001f6       0x34 build/stm32f4xx_it.o
 .ARM.attributes
                0x0000022a       0x34 build/syscalls.o
 .ARM.attributes
                0x0000025e       0x34 build/stm32f4xx_hal_msp.o
 .ARM.attributes
                0x00000292       0x34 build/stm32f4xx_hal_timebase_tim.o
 .ARM.attributes
                0x000002c6       0x34 build/stm32f4xx_hal_adc.o
 .ARM.attributes
                0x000002fa       0x34 build/stm32f4xx_hal_adc_ex.o
 .ARM.attributes
                0x0000032e       0x34 build/stm32f4xx_hal_rcc.o
 .ARM.attributes
                0x00000362       0x34 build/stm32f4xx_hal_flash.o
 .ARM.attributes
                0x00000396       0x34 build/stm32f4xx_hal_flash_ex.o
 .ARM.attributes
                0x000003ca       0x34 build/stm32f4xx_hal_gpio.o
 .ARM.attributes
                0x000003fe       0x34 build/stm32f4xx_hal_dma.o
 .ARM.attributes
                0x00000432       0x34 build/stm32f4xx_hal_pwr.o
 .ARM.attributes
                0x00000466       0x34 build/stm32f4xx_hal_cortex.o
 .ARM.attributes
                0x0000049a       0x34 build/stm32f4xx_hal.o
 .ARM.attributes
                0x000004ce       0x34 build/stm32f4xx_hal_i2c.o
 .ARM.attributes
                0x00000502       0x34 build/stm32f4xx_hal_spi.o
 .ARM.attributes
                0x00000536       0x34 build/stm32f4xx_hal_tim.o
 .ARM.attributes
                0x0000056a       0x34 build/stm32f4xx_hal_tim_ex.o
 .ARM.attributes
                0x0000059e       0x34 build/stm32f4xx_hal_uart.o
 .ARM.attributes
                0x000005d2       0x34 build/system_stm32f4xx.o
 .ARM.attributes
                0x00000606       0x34 build/list.o
 .ARM.attributes
                0x0000063a       0x34 build/tasks.o
 .ARM.attributes
                0x0000066e       0x34 build/port.o
 .ARM.attributes
                0x000006a2       0x21 build/startup_stm32f401xe.o
 .ARM.attributes
                0x000006c3       0x34 /opt/gcc-arm-none-eabi/bin/../lib/gcc/arm-none-eabi/12.3.1/../../../../arm-none-eabi/lib/thumb/v7e-m+fp/hard/libc_nano.a(libc_a-init.o)
 .ARM.attributes
                0x000006f7       0x34 /opt/gcc-arm-none-eabi/bin/../lib/gcc/arm-none-eabi/12.3.1/../../../../arm-none-eabi/lib/thumb/v7e-m+fp/hard/libc_nano.a(libc_a-nano-vfprintf_float.o)
 .ARM.attributes
                0x0000072b       0x34 /opt/gcc-arm-none-eabi/bin/../lib/gcc/arm-none-eabi/12.3.1/../../../../arm-none-eabi/lib/thumb/v7e-m+fp/hard/libc_nano.a(libc_a-printf.o)
 .ARM.attributes
                0x0000075f       0x34 /opt/gcc-arm-none-eabi/bin/../lib/gcc/arm-none-eabi/12.3.1/../../../../arm-none-eabi/lib/thumb/v7e-m+fp/hard/libc_nano.a(libc_a-nano-vfprintf.o)
 .ARM.attributes
                0x00000793       0x34 /opt/gcc-arm-none-eabi/bin/../lib/gcc/arm-none-eabi/12.3.1/../../../../arm-none-eabi/lib/thumb/v7e-m+fp/hard/libc_nano.a(libc_a-wbuf.o)
 .ARM.attributes
                0x000007c7       0x34 /opt/gcc-arm-none-eabi/bin/../lib/gcc/arm-none-eabi/12.3.1/../../../../arm-none-eabi/lib/thumb/v7e-m+fp/hard/libc_nano.a(libc_a-wsetup.o)
 .ARM.attributes
                0x000007fb       0x34 /opt/gcc-arm-none-eabi/bin/../lib/gcc/arm-none-eabi/12.3.1/../../../../arm-none-eabi/lib/thumb/v7e-m+fp/hard/libc_nano.a(libc_a-nano-vfprintf_i.o)
 .ARM.attributes
                0x0000082f       0x34 /opt/gcc-arm-none-eabi/bin/../lib/gcc/arm-none-eabi/12.3.1/../../../../arm-none-eabi/lib/thumb/v7e-m+fp/hard/libc_nano.a(libc_a-reent.o)
 .ARM.attributes
                0x00000863       0x34 /opt/gcc-arm-none-eabi/bin/../lib/gcc/arm-none-eabi/12.3.1/../../../../arm-none-eabi/lib/thumb/v7e-m+fp/hard/libc_nano.a(libc_a-impure.o)
 .ARM.attributes
                0x00000897       0x34 /opt/gcc-arm-none-eabi/bin/../lib/gcc/arm-none-eabi/12.3.1/../../../../arm-none-eabi/lib/thumb/v7e-m+fp/hard/libc_nano.a(libc_a-fflush.o)
 .ARM.attributes
                0x000008cb       0x1c /opt/gcc-arm-none-eabi/bin/../lib/gcc/arm-none-eabi/12.3.1/../../../../arm-none-eabi/lib/thumb/v7e-m+fp/hard/libc_nano.a(libc_a-memchr.o)
 .ARM.attributes
                0x000008e7       0x34 /opt/gcc-arm-none-eabi/bin/../lib/gcc/arm-none-eabi/12.3.1/../../../../arm-none-eabi/lib/thumb/v7e-m+fp/hard/libc_nano.a(libc_a-memcpy-stub.o)
 .ARM.attributes
                0x0000091b       0x17 /opt/gcc-arm-none-eabi/bin/../lib/gcc/arm-none-eabi/12.3.1/../../../../arm-none-eabi/lib/thumb/v7e-m+fp/hard/libc_nano.a(libc_a-strlen.o)
 .ARM.attributes
                0x00000932       0x34 /opt/gcc-arm-none-eabi/bin/../lib/gcc/arm-none-eabi/12.3.1/../../../../arm-none-eabi/lib/thumb/v7e-m+fp/hard/libc_nano.a(libc_a-findfp.o)
 .ARM.attributes
                0x00000966       0x34 /opt/gcc-arm-none-eabi/bin/../lib/gcc/arm-none-eabi/12.3.1/../../../../arm-none-eabi/lib/thumb/v7e-m+fp/hard/libc_nano.a(libc_a-stdio.o)
 .ARM.attributes
                0x0000099a       0x34 /opt/gcc-arm-none-eabi/bin/../lib/gcc/arm-none-eabi/12.3.1/../../../../arm-none-eabi/lib/thumb/v7e-m+fp/hard/libc_nano.a(libc_a-dtoa.o)
 .ARM.attributes
                0x000009ce       0x34 /opt/gcc-arm-none-eabi/bin/../lib/gcc/arm-none-eabi/12.3.1/../../../../arm-none-eabi/lib/thumb/v7e-m+fp/hard/libc_nano.a(libc_a-writer.o)
 .ARM.attributes
                0x00000a02       0x34 /opt/gcc-arm-none-eabi/bin/../lib/gcc/arm-none-eabi/12.3.1/../../../../arm-none-eabi/lib/thumb/v7e-m+fp/hard/libc_nano.a(libc_a-errno.o)
 .ARM.attributes
                0x00000a36       0x34 /opt/gcc-arm-none-eabi/bin/../lib/gcc/arm-none-eabi/12.3.1/../../../../arm-none-eabi/lib/thumb/v7e-m+fp/hard/libc_nano.a(libc_a-fwalk.o)
 .ARM.attributes
                0x00000a6a       0x34 /opt/gcc-arm-none-eabi/bin/../lib/gcc/arm-none-eabi/12.3.1/../../../../arm-none-eabi/lib/thumb/v7e-m+fp/hard/libc_nano.a(libc_a-memset.o)
 .ARM.attributes
                0x00000a9e       0x34 /opt/gcc-arm-none-eabi/bin/../lib/gcc/arm-none-eabi/12.3.1/../../../../arm-none-eabi/lib/thumb/v7e-m+fp/hard/libc_nano.a(libc_a-freer.o)
 .ARM.attributes
                0x00000ad2       0x34 /opt/gcc-arm-none-eabi/bin/../lib/gcc/arm-none-eabi/12.3.1/../../../../arm-none-eabi/lib/thumb/v7e-m+fp/hard/libc_nano.a(libc_a-lock.o)
 .ARM.attributes
                0x00000b06       0x34 /opt/gcc-arm-none-eabi/bin/../lib/gcc/arm-none-eabi/12.3.1/../../../../arm-none-eabi/lib/thumb/v7e-m+fp/hard/libc_nano.a(libc_a-localeconv.o)
 .ARM.attributes
                0x00000b3a       0x34 /opt/gcc-arm-none-eabi/bin/../lib/gcc/arm-none-eabi/12.3.1/../../../../arm-none-eabi/lib/thumb/v7e-m+fp/hard/libc_nano.a(libc_a-makebuf.o)
 .ARM.attributes
                0x00000b6e       0x34 /opt/gcc-arm-none-eabi/bin/../lib/gcc/arm-none-eabi/12.3.1/../../../../arm-none-eabi/lib/thumb/v7e-m+fp/hard/libc_nano.a(libc_a-closer.o)
 .ARM.attributes
                0x00000ba2       0x34 /opt/gcc-arm-none-eabi/bin/../lib/gcc/arm-none-eabi/12.3.1/../../../../arm-none-eabi/lib/thumb/v7e-m+fp/hard/libc_nano.a(libc_a-malloc.o)
 .ARM.attributes
                0x00000bd6       0x34 /opt/gcc-arm-none-eabi/bin/../lib/gcc/arm-none-eabi/12.3.1/../../../../arm-none-eabi/lib/thumb/v7e-m+fp/hard/libc_nano.a(libc_a-mallocr.o)
 .ARM.attributes
                0x00000c0a       0x34 /opt/gcc-arm-none-eabi/bin/../lib/gcc/arm-none-eabi/12.3.1/../../../../arm-none-eabi/lib/thumb/v7e-m+fp/hard/libc_nano.a(libc_a-assert.o)
 .ARM.attributes
                0x00000c3e       0x34 /opt/gcc-arm-none-eabi/bin/../lib/gcc/arm-none-eabi/12.3.1/../../../../arm-none-eabi/lib/thumb/v7e-m+fp/hard/libc_nano.a(libc_a-fstatr.o)
 .ARM.attributes
                0x00000c72       0x34 /opt/gcc-arm-none-eabi/bin/../lib/gcc/arm-none-eabi/12.3.1/../../../../arm-none-eabi/lib/thumb/v7e-m+fp/hard/libc_nano.a(libc_a-isattyr.o)
 .ARM.attributes
                0x00000ca6       0x34 /opt/gcc-arm-none-eabi/bin/../lib/gcc/arm-none-eabi/12.3.1/../../../../arm-none-eabi/lib/thumb/v7e-m+fp/hard/libc_nano.a(libc_a-lseekr.o)
 .ARM.attributes
                0x00000cda       0x34 /opt/gcc-arm-none-eabi/bin/../lib/gcc/arm-none-eabi/12.3.1/../../../../arm-none-eabi/lib/thumb/v7e-m+fp/hard/libc_nano.a(libc_a-readr.o)
 .ARM.attributes
                0x00000d0e       0x34 /opt/gcc-arm-none-eabi/bin/../lib/gcc/arm-none-eabi/12.3.1/../../../../arm-none-eabi/lib/thumb/v7e-m+fp/hard/libc_nano.a(libc_a-fprintf.o)
 .ARM.attributes
                0x00000d42       0x34 /opt/gcc-arm-none-eabi/bin/../lib/gcc/arm-none-eabi/12.3.1/../../../../arm-none-eabi/lib/thumb/v7e-m+fp/hard/libc_nano.a(libc_a-mlock.o)
 .ARM.attributes
                0x00000d76       0x34 /opt/gcc-arm-none-eabi/bin/../lib/gcc/arm-none-eabi/12.3.1/../../../../arm-none-eabi/lib/thumb/v7e-m+fp/hard/libc_nano.a(libc_a-mprec.o)
 .ARM.attributes
                0x00000daa       0x34 /opt/gcc-arm-none-eabi/bin/../lib/gcc/arm-none-eabi/12.3.1/../../../../arm-none-eabi/lib/thumb/v7e-m+fp/hard/libc_nano.a(libc_a-callocr.o)
 .ARM.attributes
                0x00000dde       0x34 /opt/gcc-arm-none-eabi/bin/../lib/gcc/arm-none-eabi/12.3.1/../../../../arm-none-eabi/lib/thumb/v7e-m+fp/hard/libc_nano.a(libc_a-sbrkr.o)
 .ARM.attributes
                0x00000e12       0x34 /opt/gcc-arm-none-eabi/bin/../lib/gcc/arm-none-eabi/12.3.1/../../../../arm-none-eabi/lib/thumb/v7e-m+fp/hard/libc_nano.a(libc_a-locale.o)
 .ARM.attributes
                0x00000e46       0x34 /opt/gcc-arm-none-eabi/bin/../lib/gcc/arm-none-eabi/12.3.1/../../../../arm-none-eabi/lib/thumb/v7e-m+fp/hard/libc_nano.a(libc_a-wctomb_r.o)
 .ARM.attributes
                0x00000e7a       0x34 /opt/gcc-arm-none-eabi/bin/../lib/gcc/arm-none-eabi/12.3.1/../../../../arm-none-eabi/lib/thumb/v7e-m+fp/hard/libc_nano.a(libc_a-abort.o)
 .ARM.attributes
                0x00000eae       0x34 /opt/gcc-arm-none-eabi/bin/../lib/gcc/arm-none-eabi/12.3.1/../../../../arm-none-eabi/lib/thumb/v7e-m+fp/hard/libc_nano.a(libc_a-mbtowc_r.o)
 .ARM.attributes
                0x00000ee2       0x34 /opt/gcc-arm-none-eabi/bin/../lib/gcc/arm-none-eabi/12.3.1/../../../../arm-none-eabi/lib/thumb/v7e-m+fp/hard/libc_nano.a(libc_a-ctype_.o)
 .ARM.attributes
                0x00000f16       0x34 /opt/gcc-arm-none-eabi/bin/../lib/gcc/arm-none-eabi/12.3.1/../../../../arm-none-eabi/lib/thumb/v7e-m+fp/hard/libc_nano.a(libc_a-signal.o)
 .ARM.attributes
                0x00000f4a       0x34 /opt/gcc-arm-none-eabi/bin/../lib/gcc/arm-none-eabi/12.3.1/../../../../arm-none-eabi/lib/thumb/v7e-m+fp/hard/libc_nano.a(libc_a-signalr.o)
 .ARM.attributes
                0x00000f7e       0x34 /opt/gcc-arm-none-eabi/bin/../lib/gcc/arm-none-eabi/12.3.1/../../../../arm-none-eabi/lib/thumb/v7e-m+fp/hard/libnosys.a(sbrk.o)
 .ARM.attributes
                0x00000fb2       0x22 /opt/gcc-arm-none-eabi/bin/../lib/gcc/arm-none-eabi/12.3.1/thumb/v7e-m+fp/hard/libgcc.a(_arm_addsubdf3.o)
 .ARM.attributes
                0x00000fd4       0x22 /opt/gcc-arm-none-eabi/bin/../lib/gcc/arm-none-eabi/12.3.1/thumb/v7e-m+fp/hard/libgcc.a(_arm_muldivdf3.o)
 .ARM.attributes
                0x00000ff6       0x22 /opt/gcc-arm-none-eabi/bin/../lib/gcc/arm-none-eabi/12.3.1/thumb/v7e-m+fp/hard/libgcc.a(_arm_cmpdf2.o)
 .ARM.attributes
                0x00001018       0x22 /opt/gcc-arm-none-eabi/bin/../lib/gcc/arm-none-eabi/12.3.1/thumb/v7e-m+fp/hard/libgcc.a(_arm_unorddf2.o)
 .ARM.attributes
                0x0000103a       0x22 /opt/gcc-arm-none-eabi/bin/../lib/gcc/arm-none-eabi/12.3.1/thumb/v7e-m+fp/hard/libgcc.a(_arm_fixdfsi.o)
 .ARM.attributes
                0x0000105c       0x22 /opt/gcc-arm-none-eabi/bin/../lib/gcc/arm-none-eabi/12.3.1/thumb/v7e-m+fp/hard/libgcc.a(_aeabi_uldivmod.o)
 .ARM.attributes
                0x0000107e       0x34 /opt/gcc-arm-none-eabi/bin/../lib/gcc/arm-none-eabi/12.3.1/thumb/v7e-m+fp/hard/libgcc.a(_udivmoddi4.o)
 .ARM.attributes
                0x000010b2       0x22 /opt/gcc-arm-none-eabi/bin/../lib/gcc/arm-none-eabi/12.3.1/thumb/v7e-m+fp/hard/libgcc.a(_dvmd_tls.o)
 .ARM.attributes
                0x000010d4       0x34 /opt/gcc-arm-none-eabi/bin/../lib/gcc/arm-none-eabi/12.3.1/thumb/v7e-m+fp/hard/crtend.o
 .ARM.attributes
                0x00001108       0x22 /opt/gcc-arm-none-eabi/bin/../lib/gcc/arm-none-eabi/12.3.1/thumb/v7e-m+fp/hard/crtn.o
OUTPUT(build/PathRememberingRobot.elf elf32-littlearm)
LOAD linker stubs
LOAD /opt/gcc-arm-none-eabi/bin/../lib/gcc/arm-none-eabi/12.3.1/../../../../arm-none-eabi/lib/thumb/v7e-m+fp/hard/libc.a
LOAD /opt/gcc-arm-none-eabi/bin/../lib/gcc/arm-none-eabi/12.3.1/../../../../arm-none-eabi/lib/thumb/v7e-m+fp/hard/libm.a
LOAD /opt/gcc-arm-none-eabi/bin/../lib/gcc/arm-none-eabi/12.3.1/thumb/v7e-m+fp/hard/libgcc.a

.debug_info     0x00000000    0x24bd5
 .debug_info    0x00000000      0xe35 build/main.o
 .debug_info    0x00000e35      0x6bd build/gpio.o
 .debug_info    0x000014f2      0xbe9 build/adc.o
 .debug_info    0x000020db      0xbbe build/i2c.o
 .debug_info    0x00002c99      0xdf9 build/spi.o
 .debug_info    0x00003a92     0x12d6 build/tim.o
 .debug_info    0x00004d68      0xe09 build/usart.o
 .debug_info    0x00005b71      0xa75 build/Motor.o
 .debug_info    0x000065e6     0x15c9 build/stm32f4xx_it.o
 .debug_info    0x00007baf      0x842 build/syscalls.o
 .debug_info    0x000083f1      0x5a0 build/stm32f4xx_hal_msp.o
 .debug_info    0x00008991      0xd59 build/stm32f4xx_hal_timebase_tim.o
 .debug_info    0x000096ea     0x1031 build/stm32f4xx_hal_adc.o
 .debug_info    0x0000a71b      0xde2 build/stm32f4xx_hal_adc_ex.o
 .debug_info    0x0000b4fd      0xc36 build/stm32f4xx_hal_rcc.o
 .debug_info    0x0000c133      0x7cd build/stm32f4xx_hal_flash.o
 .debug_info    0x0000c900      0xaba build/stm32f4xx_hal_flash_ex.o
 .debug_info    0x0000d3ba      0x872 build/stm32f4xx_hal_gpio.o
 .debug_info    0x0000dc2c      0xbc6 build/stm32f4xx_hal_dma.o
 .debug_info    0x0000e7f2      0x822 build/stm32f4xx_hal_pwr.o
 .debug_info    0x0000f014     0x10d5 build/stm32f4xx_hal_cortex.o
 .debug_info    0x000100e9      0xa8a build/stm32f4xx_hal.o
 .debug_info    0x00010b73     0x3bd0 build/stm32f4xx_hal_i2c.o
 .debug_info    0x00014743     0x205e build/stm32f4xx_hal_spi.o
 .debug_info    0x000167a1     0x4125 build/stm32f4xx_hal_tim.o
 .debug_info    0x0001a8c6     0x1d79 build/stm32f4xx_hal_tim_ex.o
 .debug_info    0x0001c63f     0x4364 build/stm32f4xx_hal_uart.o
 .debug_info    0x000209a3      0x5e5 build/system_stm32f4xx.o
 .debug_info    0x00020f88      0x30f build/list.o
 .debug_info    0x00021297     0x334c build/tasks.o
 .debug_info    0x000245e3      0x5c2 build/port.o
 .debug_info    0x00024ba5       0x30 build/startup_stm32f401xe.o

.debug_abbrev   0x00000000     0x4bf8
 .debug_abbrev  0x00000000      0x2af build/main.o
 .debug_abbrev  0x000002af      0x1be build/gpio.o
 .debug_abbrev  0x0000046d      0x208 build/adc.o
 .debug_abbrev  0x00000675      0x208 build/i2c.o
 .debug_abbrev  0x0000087d      0x224 build/spi.o
 .debug_abbrev  0x00000aa1      0x278 build/tim.o
 .debug_abbrev  0x00000d19      0x25f build/usart.o
 .debug_abbrev  0x00000f78      0x244 build/Motor.o
 .debug_abbrev  0x000011bc      0x1c4 build/stm32f4xx_it.o
 .debug_abbrev  0x00001380      0x1e3 build/syscalls.o
 .debug_abbrev  0x00001563      0x12f build/stm32f4xx_hal_msp.o
 .debug_abbrev  0x00001692      0x23e build/stm32f4xx_hal_timebase_tim.o
 .debug_abbrev  0x000018d0      0x287 build/stm32f4xx_hal_adc.o
 .debug_abbrev  0x00001b57      0x2aa build/stm32f4xx_hal_adc_ex.o
 .debug_abbrev  0x00001e01      0x2de build/stm32f4xx_hal_rcc.o
 .debug_abbrev  0x000020df      0x2d1 build/stm32f4xx_hal_flash.o
 .debug_abbrev  0x000023b0      0x2ab build/stm32f4xx_hal_flash_ex.o
 .debug_abbrev  0x0000265b      0x22b build/stm32f4xx_hal_gpio.o
 .debug_abbrev  0x00002886      0x2be build/stm32f4xx_hal_dma.o
 .debug_abbrev  0x00002b44      0x1af build/stm32f4xx_hal_pwr.o
 .debug_abbrev  0x00002cf3      0x3d3 build/stm32f4xx_hal_cortex.o
 .debug_abbrev  0x000030c6      0x275 build/stm32f4xx_hal.o
 .debug_abbrev  0x0000333b      0x339 build/stm32f4xx_hal_i2c.o
 .debug_abbrev  0x00003674      0x2d3 build/stm32f4xx_hal_spi.o
 .debug_abbrev  0x00003947      0x2ce build/stm32f4xx_hal_tim.o
 .debug_abbrev  0x00003c15      0x2c8 build/stm32f4xx_hal_tim_ex.o
 .debug_abbrev  0x00003edd      0x380 build/stm32f4xx_hal_uart.o
 .debug_abbrev  0x0000425d      0x11b build/system_stm32f4xx.o
 .debug_abbrev  0x00004378      0x124 build/list.o
 .debug_abbrev  0x0000449c      0x490 build/tasks.o
 .debug_abbrev  0x0000492c      0x2af build/port.o
 .debug_abbrev  0x00004bdb       0x1d build/startup_stm32f401xe.o

.debug_loc      0x00000000    0x1c557
 .debug_loc     0x00000000       0xc8 build/main.o
 .debug_loc     0x000000c8       0xbf build/gpio.o
 .debug_loc     0x00000187      0x12c build/adc.o
 .debug_loc     0x000002b3       0xeb build/i2c.o
 .debug_loc     0x0000039e      0x108 build/spi.o
 .debug_loc     0x000004a6      0x222 build/tim.o
 .debug_loc     0x000006c8      0x163 build/usart.o
 .debug_loc     0x0000082b      0x218 build/Motor.o
 .debug_loc     0x00000a43      0x180 build/stm32f4xx_it.o
 .debug_loc     0x00000bc3      0x511 build/syscalls.o
 .debug_loc     0x000010d4       0x38 build/stm32f4xx_hal_msp.o
 .debug_loc     0x0000110c       0xe8 build/stm32f4xx_hal_timebase_tim.o
 .debug_loc     0x000011f4      0xe46 build/stm32f4xx_hal_adc.o
 .debug_loc     0x0000203a      0xced build/stm32f4xx_hal_adc_ex.o
 .debug_loc     0x00002d27      0x6e4 build/stm32f4xx_hal_rcc.o
 .debug_loc     0x0000340b      0x498 build/stm32f4xx_hal_flash.o
 .debug_loc     0x000038a3      0x888 build/stm32f4xx_hal_flash_ex.o
 .debug_loc     0x0000412b      0x5db build/stm32f4xx_hal_gpio.o
 .debug_loc     0x00004706      0xd6d build/stm32f4xx_hal_dma.o
 .debug_loc     0x00005473       0x78 build/stm32f4xx_hal_pwr.o
 .debug_loc     0x000054eb      0x7c7 build/stm32f4xx_hal_cortex.o
 .debug_loc     0x00005cb2      0x1e1 build/stm32f4xx_hal.o
 .debug_loc     0x00005e93     0x4ded build/stm32f4xx_hal_i2c.o
 .debug_loc     0x0000ac80     0x26ec build/stm32f4xx_hal_spi.o
 .debug_loc     0x0000d36c     0x5d07 build/stm32f4xx_hal_tim.o
 .debug_loc     0x00013073     0x2168 build/stm32f4xx_hal_tim_ex.o
 .debug_loc     0x000151db     0x4d3f build/stm32f4xx_hal_uart.o
 .debug_loc     0x00019f1a      0x158 build/system_stm32f4xx.o
 .debug_loc     0x0001a072       0xe5 build/list.o
 .debug_loc     0x0001a157     0x2240 build/tasks.o
 .debug_loc     0x0001c397      0x1c0 build/port.o

.debug_aranges  0x00000000     0x1888
 .debug_aranges
                0x00000000       0x38 build/main.o
 .debug_aranges
                0x00000038       0x28 build/gpio.o
 .debug_aranges
                0x00000060       0x30 build/adc.o
 .debug_aranges
                0x00000090       0x30 build/i2c.o
 .debug_aranges
                0x000000c0       0x30 build/spi.o
 .debug_aranges
                0x000000f0       0x38 build/tim.o
 .debug_aranges
                0x00000128       0x38 build/usart.o
 .debug_aranges
                0x00000160       0x38 build/Motor.o
 .debug_aranges
                0x00000198       0xb0 build/stm32f4xx_it.o
 .debug_aranges
                0x00000248       0xa8 build/syscalls.o
 .debug_aranges
                0x000002f0       0x20 build/stm32f4xx_hal_msp.o
 .debug_aranges
                0x00000310       0x30 build/stm32f4xx_hal_timebase_tim.o
 .debug_aranges
                0x00000340       0xe8 build/stm32f4xx_hal_adc.o
 .debug_aranges
                0x00000428       0x90 build/stm32f4xx_hal_adc_ex.o
 .debug_aranges
                0x000004b8       0x88 build/stm32f4xx_hal_rcc.o
 .debug_aranges
                0x00000540       0xa0 build/stm32f4xx_hal_flash.o
 .debug_aranges
                0x000005e0       0xc8 build/stm32f4xx_hal_flash_ex.o
 .debug_aranges
                0x000006a8       0x58 build/stm32f4xx_hal_gpio.o
 .debug_aranges
                0x00000700       0x90 build/stm32f4xx_hal_dma.o
 .debug_aranges
                0x00000790       0xa0 build/stm32f4xx_hal_pwr.o
 .debug_aranges
                0x00000830       0xe8 build/stm32f4xx_hal_cortex.o
 .debug_aranges
                0x00000918       0xf0 build/stm32f4xx_hal.o
 .debug_aranges
                0x00000a08      0x2a8 build/stm32f4xx_hal_i2c.o
 .debug_aranges
                0x00000cb0      0x1d0 build/stm32f4xx_hal_spi.o
 .debug_aranges
                0x00000e80      0x3d0 build/stm32f4xx_hal_tim.o
 .debug_aranges
                0x00001250      0x168 build/stm32f4xx_hal_tim_ex.o
 .debug_aranges
                0x000013b8      0x208 build/stm32f4xx_hal_uart.o
 .debug_aranges
                0x000015c0       0x28 build/system_stm32f4xx.o
 .debug_aranges
                0x000015e8       0x40 build/list.o
 .debug_aranges
                0x00001628      0x1b8 build/tasks.o
 .debug_aranges
                0x000017e0       0x80 build/port.o
 .debug_aranges
                0x00001860       0x28 build/startup_stm32f401xe.o

.debug_ranges   0x00000000     0x17c8
 .debug_ranges  0x00000000       0x28 build/main.o
 .debug_ranges  0x00000028       0x18 build/gpio.o
 .debug_ranges  0x00000040       0x20 build/adc.o
 .debug_ranges  0x00000060       0x20 build/i2c.o
 .debug_ranges  0x00000080       0x20 build/spi.o
 .debug_ranges  0x000000a0       0x28 build/tim.o
 .debug_ranges  0x000000c8       0x28 build/usart.o
 .debug_ranges  0x000000f0       0x28 build/Motor.o
 .debug_ranges  0x00000118       0xa0 build/stm32f4xx_it.o
 .debug_ranges  0x000001b8       0x98 build/syscalls.o
 .debug_ranges  0x00000250       0x10 build/stm32f4xx_hal_msp.o
 .debug_ranges  0x00000260       0x20 build/stm32f4xx_hal_timebase_tim.o
 .debug_ranges  0x00000280       0xd8 build/stm32f4xx_hal_adc.o
 .debug_ranges  0x00000358       0x80 build/stm32f4xx_hal_adc_ex.o
 .debug_ranges  0x000003d8       0x90 build/stm32f4xx_hal_rcc.o
 .debug_ranges  0x00000468       0x90 build/stm32f4xx_hal_flash.o
 .debug_ranges  0x000004f8       0xb8 build/stm32f4xx_hal_flash_ex.o
 .debug_ranges  0x000005b0       0x48 build/stm32f4xx_hal_gpio.o
 .debug_ranges  0x000005f8       0x80 build/stm32f4xx_hal_dma.o
 .debug_ranges  0x00000678       0x90 build/stm32f4xx_hal_pwr.o
 .debug_ranges  0x00000708       0xd8 build/stm32f4xx_hal_cortex.o
 .debug_ranges  0x000007e0       0xe0 build/stm32f4xx_hal.o
 .debug_ranges  0x000008c0      0x2b0 build/stm32f4xx_hal_i2c.o
 .debug_ranges  0x00000b70      0x1c0 build/stm32f4xx_hal_spi.o
 .debug_ranges  0x00000d30      0x3c0 build/stm32f4xx_hal_tim.o
 .debug_ranges  0x000010f0      0x158 build/stm32f4xx_hal_tim_ex.o
 .debug_ranges  0x00001248      0x210 build/stm32f4xx_hal_uart.o
 .debug_ranges  0x00001458       0x18 build/system_stm32f4xx.o
 .debug_ranges  0x00001470       0x30 build/list.o
 .debug_ranges  0x000014a0      0x280 build/tasks.o
 .debug_ranges  0x00001720       0x88 build/port.o
 .debug_ranges  0x000017a8       0x20 build/startup_stm32f401xe.o

.debug_line     0x00000000    0x1d376
 .debug_line    0x00000000      0x3b8 build/main.o
 .debug_line    0x000003b8      0x246 build/gpio.o
 .debug_line    0x000005fe      0x304 build/adc.o
 .debug_line    0x00000902      0x2b6 build/i2c.o
 .debug_line    0x00000bb8      0x31e build/spi.o
 .debug_line    0x00000ed6      0x4b2 build/tim.o
 .debug_line    0x00001388      0x2f5 build/usart.o
 .debug_line    0x0000167d      0x298 build/Motor.o
 .debug_line    0x00001915      0x40a build/stm32f4xx_it.o
 .debug_line    0x00001d1f      0x3ac build/syscalls.o
 .debug_line    0x000020cb      0x165 build/stm32f4xx_hal_msp.o
 .debug_line    0x00002230      0x295 build/stm32f4xx_hal_timebase_tim.o
 .debug_line    0x000024c5     0x1019 build/stm32f4xx_hal_adc.o
 .debug_line    0x000034de      0xc8a build/stm32f4xx_hal_adc_ex.o
 .debug_line    0x00004168      0xad0 build/stm32f4xx_hal_rcc.o
 .debug_line    0x00004c38      0x765 build/stm32f4xx_hal_flash.o
 .debug_line    0x0000539d      0x7d9 build/stm32f4xx_hal_flash_ex.o
 .debug_line    0x00005b76      0x66c build/stm32f4xx_hal_gpio.o
 .debug_line    0x000061e2      0xe27 build/stm32f4xx_hal_dma.o
 .debug_line    0x00007009      0x3d2 build/stm32f4xx_hal_pwr.o
 .debug_line    0x000073db      0x805 build/stm32f4xx_hal_cortex.o
 .debug_line    0x00007be0      0x533 build/stm32f4xx_hal.o
 .debug_line    0x00008113     0x5474 build/stm32f4xx_hal_i2c.o
 .debug_line    0x0000d587     0x257f build/stm32f4xx_hal_spi.o
 .debug_line    0x0000fb06     0x4947 build/stm32f4xx_hal_tim.o
 .debug_line    0x0001444d     0x1c7a build/stm32f4xx_hal_tim_ex.o
 .debug_line    0x000160c7     0x428c build/stm32f4xx_hal_uart.o
 .debug_line    0x0001a353      0x21b build/system_stm32f4xx.o
 .debug_line    0x0001a56e      0x321 build/list.o
 .debug_line    0x0001a88f     0x23d4 build/tasks.o
 .debug_line    0x0001cc63      0x697 build/port.o
 .debug_line    0x0001d2fa       0x7c build/startup_stm32f401xe.o

.debug_str      0x00000000     0x723f
 .debug_str     0x00000000      0x94d build/main.o
                                0xa47 (size before relaxing)
 .debug_str     0x0000094d       0xf2 build/gpio.o
                                0x38c (size before relaxing)
 .debug_str     0x00000a3f      0x20e build/adc.o
                                0x7c6 (size before relaxing)
 .debug_str     0x00000c4d      0x2ce build/i2c.o
                                0x888 (size before relaxing)
 .debug_str     0x00000f1b      0x5e3 build/spi.o
                                0xbb2 (size before relaxing)
 .debug_str     0x000014fe      0x232 build/tim.o
                                0xe6b (size before relaxing)
 .debug_str     0x00001730      0x20e build/usart.o
                                0xc05 (size before relaxing)
 .debug_str     0x0000193e       0xbb build/Motor.o
                                0x820 (size before relaxing)
 .debug_str     0x000019f9      0x1d8 build/stm32f4xx_it.o
                               0x1050 (size before relaxing)
 .debug_str     0x00001bd1      0x203 build/syscalls.o
                                0x3b2 (size before relaxing)
 .debug_str     0x00001dd4       0x29 build/stm32f4xx_hal_msp.o
                                0x644 (size before relaxing)
 .debug_str     0x00001dfd       0xdc build/stm32f4xx_hal_timebase_tim.o
                                0xcc5 (size before relaxing)
 .debug_str     0x00001ed9      0x2cc build/stm32f4xx_hal_adc.o
                                0x91b (size before relaxing)
 .debug_str     0x000021a5      0x2dc build/stm32f4xx_hal_adc_ex.o
                                0x96f (size before relaxing)
 .debug_str     0x00002481      0x1bb build/stm32f4xx_hal_rcc.o
                                0x6d1 (size before relaxing)
 .debug_str     0x0000263c      0x296 build/stm32f4xx_hal_flash.o
                                0x503 (size before relaxing)
 .debug_str     0x000028d2      0x2fb build/stm32f4xx_hal_flash_ex.o
                                0x626 (size before relaxing)
 .debug_str     0x00002bcd      0x117 build/stm32f4xx_hal_gpio.o
                                0x4ab (size before relaxing)
 .debug_str     0x00002ce4      0x2e4 build/stm32f4xx_hal_dma.o
                                0x72f (size before relaxing)
 .debug_str     0x00002fc8      0x24a build/stm32f4xx_hal_pwr.o
                                0x50c (size before relaxing)
 .debug_str     0x00003212      0x477 build/stm32f4xx_hal_cortex.o
                                0xa9a (size before relaxing)
 .debug_str     0x00003689      0x26e build/stm32f4xx_hal.o
                                0x9cd (size before relaxing)
 .debug_str     0x000038f7      0x85d build/stm32f4xx_hal_i2c.o
                                0xffb (size before relaxing)
 .debug_str     0x00004154      0x502 build/stm32f4xx_hal_spi.o
                                0xbb3 (size before relaxing)
 .debug_str     0x00004656      0xd8a build/stm32f4xx_hal_tim.o
                               0x16b8 (size before relaxing)
 .debug_str     0x000053e0      0x4eb build/stm32f4xx_hal_tim_ex.o
                                0xec4 (size before relaxing)
 .debug_str     0x000058cb      0x5de build/stm32f4xx_hal_uart.o